// Jest Snapshot v1, https://goo.gl/fbAQLP

exports[`SystemInformationCard renders after request 1`] = `
<DocumentFragment>
  <ul
    class="usa-card-group"
    data-testid="CardGroup"
  >
    <li
      class="usa-card"
      data-testid="Card"
    >
      <div
        class="usa-card__container"
      >
        <header
          class="usa-card__header display-flex"
          data-testid="CardHeader"
        >
          <div>
            <h4
              class="margin-y-0 line-height-sans-5"
            >
              <a
                class="usa-link"
                href="/systems/000-0000-1"
              >
                CMS Operations Information Network
              </a>
            </h4>
            <div
              class="font-sans-xs line-height-sans-1 margin-top-1"
            >
              COIN
            </div>
          </div>
          <div>
            <button
              class="usa-button usa-button--unstyled margin-left-105 text-base-lighter"
              data-testid="button"
              type="button"
            >
              <svg
                class="usa-icon usa-icon--size-3"
                focusable="false"
                height="1em"
                role="img"
                viewBox="0 0 24 24"
                width="1em"
                xmlns="http://www.w3.org/2000/svg"
              >
                <path
                  d="M0 0h24v24H0z"
                  fill="none"
                />
                <path
                  d="M17 3H7c-1.1 0-1.99.9-1.99 2L5 21l7-3 7 3V5c0-1.1-.9-2-2-2z"
                />
              </svg>
            </button>
          </div>
        </header>
        <div
          class="usa-card__body"
          data-testid="CardBody"
        >
          <div
            class="system-info-card__description"
          >
            COINâ€™s goal is to be the secure, role-based single-source provider of business operations data brought together from CMS systems into one easy-to-use interface for stakeholders to drive business decisions. COIN is operated jointly by OSPR and OIT.
          </div>
        </div>
        <div
          class="usa-card__footer"
          data-testid="CardFooter"
        >
          <a
            class="usa-link"
            href="/systems/000-0000-1"
          >
            View system profile
            <svg
              class="usa-icon margin-left-05 margin-bottom-2px text-tbottom"
              focusable="false"
              height="1em"
              role="img"
              viewBox="0 0 24 24"
              width="1em"
              xmlns="http://www.w3.org/2000/svg"
            >
              <path
                d="M0 0h24v24H0z"
                fill="none"
              />
              <path
                d="m12 4-1.41 1.41L16.17 11H4v2h12.17l-5.58 5.59L12 20l8-8z"
              />
            </svg>
          </a>
        </div>
      </div>
    </li>
  </ul>
</DocumentFragment>
`;
