// Vitest Snapshot v1, https://vitest.dev/guide/snapshot.html

exports[`System Profile Tools and Software subpage > matches snapshot 1`] = `
<DocumentFragment>
  <div
    id="system-tools-and-software"
  >
    <h2
      class="margin-top-0 margin-bottom-4"
    >
      Tools and Software
    </h2>
    <ul
      class="usa-card-group margin-0"
      data-testid="CardGroup"
    >
      <li
        class="usa-card grid-col-12 margin-bottom-2"
        data-testid="software-product-card"
      >
        <div
          class="usa-card__container"
        >
          <header
            class="usa-card__header padding-2 padding-bottom-1"
            data-testid="CardHeader"
          >
            <h3
              class="margin-top-0 margin-bottom-1 line-height-sans-2"
            >
              SQL Server
            </h3>
            Microsoft
            <div
              class="grid-col"
              data-testid="grid"
            >
              <dt
                class="text-bold margin-bottom-05 margin-top-1"
              >
                Product Category
              </dt>
              <dd
                class="description-definition margin-0 font-body-md line-height-body-4 margin-bottom-1"
              >
                Tecnhopedia Category 1
              </dd>
            </div>
          </header>
        </div>
      </li>
      <li
        class="usa-card grid-col-12 margin-bottom-2"
        data-testid="software-product-card"
      >
        <div
          class="usa-card__container"
        >
          <header
            class="usa-card__header padding-2 padding-bottom-1"
            data-testid="CardHeader"
          >
            <h3
              class="margin-top-0 margin-bottom-1 line-height-sans-2"
            >
              Splunk
            </h3>
            Splunk
            <div
              class="grid-col"
              data-testid="grid"
            >
              <dt
                class="text-bold margin-bottom-05 margin-top-1"
              >
                Product Category
              </dt>
              <dd
                class="description-definition margin-0 font-body-md line-height-body-4 margin-bottom-1"
              >
                Tecnhopedia Category 2
              </dd>
              <span
                class="easi-tag text-base-darker bg-base-lighter margin-bottom-1"
                data-testid="tag"
              >
                API Gateway
              </span>
            </div>
          </header>
        </div>
      </li>
      <li
        class="usa-card grid-col-12 margin-bottom-2"
        data-testid="software-product-card"
      >
        <div
          class="usa-card__container"
        >
          <header
            class="usa-card__header padding-2 padding-bottom-1"
            data-testid="CardHeader"
          >
            <h3
              class="margin-top-0 margin-bottom-1 line-height-sans-2"
            >
              Terraform
            </h3>
            hashiCorp
            <div
              class="grid-col"
              data-testid="grid"
            >
              <dt
                class="text-bold margin-bottom-05 margin-top-1"
              >
                Product Category
              </dt>
              <dd
                class="description-definition margin-0 font-body-md line-height-body-4 margin-bottom-1"
              >
                Tecnhopedia Category 3
              </dd>
              <span
                class="easi-tag text-base-darker bg-base-lighter margin-bottom-1"
                data-testid="tag"
              >
                Used for Artificial Intelligence
              </span>
              <span
                class="easi-tag text-base-darker bg-base-lighter margin-bottom-1"
                data-testid="tag"
              >
                API Gateway
              </span>
            </div>
          </header>
        </div>
      </li>
    </ul>
  </div>
</DocumentFragment>
`;
