// Vitest Snapshot v1, https://vitest.dev/guide/snapshot.html

exports[`The Collapsable Link componnet > renders without crashing 1`] = `
<DocumentFragment>
  <div
    class="easi-collapsable-link"
  >
    <button
      aria-controls="Test"
      aria-expanded="false"
      class="usa-button usa-button--unstyled display-flex flex-align-center"
      data-testid="collapsable-link"
      type="button"
    >
      <svg
        class="usa-icon margin-right-05"
        focusable="false"
        height="1em"
        role="img"
        viewBox="0 0 24 24"
        width="1em"
        xmlns="http://www.w3.org/2000/svg"
      >
        <path
          d="M10 6 8.59 7.41 13.17 12l-4.58 4.59L10 18l6-6z"
        />
      </svg>
      testLabel
    </button>
  </div>
</DocumentFragment>
`;
