// Jest Snapshot v1, https://goo.gl/fbAQLP

exports[`TRB Advice Letter Form matches the snapshot 1`] = `
<DocumentFragment>
  <div
    class="trb-form-header"
  >
    <div
      class="bg-gray-5 padding-bottom-6"
    >
      <div
        class="grid-container"
        data-testid="gridContainer"
      >
        <div
          class="grid-row"
          data-testid="grid"
        >
          <div
            class="grid-col"
            data-testid="grid"
          >
            <nav
              aria-label="Breadcrumbs"
              class="usa-breadcrumb padding-bottom-0"
              style="background-color: transparent;"
            >
              <ol
                class="usa-breadcrumb__list"
              >
                <li
                  class="usa-breadcrumb__list-item"
                >
                  <a
                    class="usa-breadcrumb__link"
                    href="/trb"
                  >
                    <span>
                      Home
                    </span>
                  </a>
                </li>
                <li
                  class="usa-breadcrumb__list-item"
                >
                  <a
                    class="usa-breadcrumb__link"
                    href="/trb/d8ebedca-0031-4ccd-9690-37390726c50e/advice"
                  >
                    <span>
                      Request details
                    </span>
                  </a>
                </li>
                <li
                  aria-current="page"
                  class="usa-breadcrumb__list-item usa-current"
                >
                  <span>
                    Advice letter
                  </span>
                </li>
              </ol>
            </nav>
            <h1
              aria-live="polite"
              class="easi-h1 margin-bottom-0"
              tabindex="-1"
            >
              Advice letter
            </h1>
            <div
              class="font-body-lg line-height-body-5 text-light"
            >
              Document any outcomes, advice, findings, recommendations, or next steps that the TRB has for this request.
            </div>
            <div
              class="margin-top-2 line-height-body-5"
            >
              After submitting this form, the requester will recieve an automatic notification letting them know their advice letter is available.
            </div>
            <div
              class="margin-top-3"
            >
              <button
                class="usa-button usa-button--unstyled"
                data-testid="button"
                type="button"
              >
                <svg
                  class="usa-icon margin-right-05 margin-bottom-2px text-tbottom"
                  focusable="false"
                  height="1em"
                  role="img"
                  viewBox="0 0 24 24"
                  width="1em"
                  xmlns="http://www.w3.org/2000/svg"
                >
                  <path
                    d="M0 0h24v24H0z"
                    fill="none"
                  />
                  <path
                    d="M20 11H7.83l5.59-5.59L12 4l-8 8 8 8 1.41-1.41L7.83 13H20v-2z"
                  />
                </svg>
                Save and return to request
              </button>
            </div>
          </div>
        </div>
      </div>
    </div>
    <div
      class="grid-container"
      data-testid="gridContainer"
    >
      <div
        aria-label="progress"
        class="usa-step-indicator margin-top-4 margin-bottom-2"
        data-testid="step-indicator"
      >
        <ol
          class="usa-step-indicator__segments"
        >
          <li
            aria-current="true"
            class="usa-step-indicator__segment usa-step-indicator__segment--current usa-step-indicator__segment--disabled"
          >
            <span
              class="usa-step-indicator__segment-label"
            >
              <span
                class="name"
              >
                What we heard
              </span>
              <span
                class="long"
              >
                What we heard
              </span>
               
            </span>
          </li>
          <li
            class="usa-step-indicator__segment usa-step-indicator__segment--clickable"
          >
            <span
              class="usa-step-indicator__segment-label"
            >
              <span
                class="name"
              >
                What we recommend
              </span>
              <span
                class="long"
              >
                What we recommend
              </span>
               
              <span
                class="usa-sr-only"
              >
                not completed
              </span>
            </span>
          </li>
          <li
            class="usa-step-indicator__segment usa-step-indicator__segment--clickable"
          >
            <span
              class="usa-step-indicator__segment-label"
            >
              <span
                class="name"
              >
                Next steps
              </span>
              <span
                class="long"
              >
                Next steps
              </span>
               
              <span
                class="usa-sr-only"
              >
                not completed
              </span>
            </span>
          </li>
          <li
            class="usa-step-indicator__segment usa-step-indicator__segment--clickable"
          >
            <span
              class="usa-step-indicator__segment-label"
            >
              <span
                class="name"
              >
                Internal review
              </span>
              <span
                class="long"
              >
                Check your work and request an internal review
              </span>
               
              <span
                class="usa-sr-only"
              >
                not completed
              </span>
            </span>
          </li>
          <li
            class="usa-step-indicator__segment usa-step-indicator__segment--disabled"
          >
            <span
              class="usa-step-indicator__segment-label"
            >
              <span
                class="name"
              >
                Check and send
              </span>
              <span
                class="long"
              >
                Check the content of your advice letter and send it to the requester
              </span>
               
              <span
                class="usa-sr-only"
              >
                not completed
              </span>
            </span>
          </li>
        </ol>
        <div
          class="usa-step-indicator__header"
        >
          <h4
            class="usa-step-indicator__heading"
          >
            <span
              class="usa-step-indicator__heading-counter"
            >
              <span
                class="usa-sr-only"
              >
                Step
              </span>
              <span
                class="usa-step-indicator__current-step"
              >
                1
              </span>
               
              <span
                class="usa-step-indicator__total-steps"
              >
                of 5
              </span>
               
            </span>
            <span
              class="usa-step-indicator__heading-text"
            >
              <span
                class="name"
              >
                What we heard
              </span>
              <span
                class="long"
              >
                What we heard
              </span>
            </span>
          </h4>
        </div>
      </div>
      <div
        class="line-height-body-5 text-light"
      >
        Provide a brief but detailed summary of the purpose of the session, what was discussed or presented, and any other meeting details of note.
      </div>
    </div>
  </div>
  <div
    class="grid-container"
    data-testid="gridContainer"
  >
    <div
      class=""
      data-testid="grid"
    >
      <form
        class="usa-form maxw-tablet"
        data-testid="form"
        id="trbAdviceSummary"
      >
        <div
          class="easi-help-text margin-top-1 margin-bottom-1 text-base"
        >
          Fields marked with an asterisk ( 
          <span
            class="text-red"
          >
            *
          </span>
           ) are required.
        </div>
        <div
          class="usa-form-group"
          data-testid="formGroup"
        >
          <label
            class="usa-label text-normal"
            for="meetingSummary"
          >
            Meeting summary 
            <span
              class="text-red"
            >
               *
            </span>
          </label>
          <textarea
            class="usa-textarea"
            id="meetingSummary"
            name="meetingSummary"
          >
            Meeting summary text
          </textarea>
          <span
            aria-atomic="false"
            aria-live="polite"
            class="easi-character-counter margin-top-1"
            id="meetingSummary-counter"
          >
            1980 characters remaining
          </span>
        </div>
        <div
          class="margin-top-4"
        >
          <ul
            class="usa-button-group"
          >
            <li
              class="usa-button-group__item"
            >
              <div
                class="display-flex flex-align-center"
              >
                <button
                  class="usa-button usa-button--outline margin-top-0 margin-bottom-1 mobile-lg:margin-bottom-0"
                  data-testid="button"
                  type="button"
                >
                  Cancel
                </button>
              </div>
            </li>
            <li
              class="usa-button-group__item"
            >
              <div
                class="display-flex flex-align-center"
              >
                <button
                  class="usa-button margin-top-0"
                  data-testid="button"
                  type="submit"
                >
                  Next
                </button>
              </div>
            </li>
          </ul>
          <button
            class="usa-button usa-button--unstyled margin-top-2 display-flex flex-align-center"
            data-testid="button"
            type="button"
          >
            <svg
              class="usa-icon margin-right-05"
              focusable="false"
              height="1em"
              role="img"
              viewBox="0 0 24 24"
              width="1em"
              xmlns="http://www.w3.org/2000/svg"
            >
              <path
                d="M0 0h24v24H0z"
                fill="none"
              />
              <path
                d="M20 11H7.83l5.59-5.59L12 4l-8 8 8 8 1.41-1.41L7.83 13H20v-2z"
              />
            </svg>
            Save and return to request
          </button>
        </div>
      </form>
    </div>
  </div>
</DocumentFragment>
`;
