// Vitest Snapshot v1, https://vitest.dev/guide/snapshot.html

exports[`GRB review form - additional documents > renders the step 1`] = `
<DocumentFragment>
  <main
    class="easi-main-content"
    id="main-content"
    role="main"
    tabindex="-1"
  >
    <div
      class="trb-form-header"
    >
      <div
        class="bg-gray-5 padding-bottom-6"
      >
        <div
          class="grid-container"
          data-testid="gridContainer"
        >
          <div
            class="grid-row"
            data-testid="grid"
          >
            <div
              class="grid-col"
              data-testid="grid"
            >
              <nav
                aria-label="Breadcrumbs"
                class="usa-breadcrumb usa-breadcrumb--wrap padding-bottom-0"
                style="background-color: transparent;"
              >
                <ol
                  class="usa-breadcrumb__list"
                >
                  <li
                    class="usa-breadcrumb__list-item"
                  >
                    <a
                      class="text-primary usa-breadcrumb__link"
                      href="/"
                    >
                      <span>
                        Home
                      </span>
                    </a>
                  </li>
                  <li
                    class="usa-breadcrumb__list-item"
                  >
                    <a
                      class="text-primary usa-breadcrumb__link"
                      href="/it-governance/a4158ad8-1236-4a55-9ad5-7e15a5d49de2/grb-review"
                    >
                      <span>
                        IT Governance request details
                      </span>
                    </a>
                  </li>
                  <li
                    aria-current="page"
                    class="usa-breadcrumb__list-item usa-current"
                  >
                    <span>
                      Set up GRB review
                    </span>
                  </li>
                </ol>
              </nav>
              <h1
                aria-live="polite"
                class="easi-h1 margin-bottom-0"
                tabindex="-1"
              >
                Set up GRB review
              </h1>
              <div
                class="font-body-lg line-height-body-5 text-light"
              >
                Use this form to set up a Governance Review Board (GRB) review in EASi.
              </div>
              <div
                class="margin-top-2 line-height-body-5"
              >
                You will be able to select the type of review, add recordings and documents, invite GRB members to review this project, and set a timeframe for an asynchronous review.
              </div>
              <div
                class="margin-top-3"
              >
                <button
                  class="usa-button usa-button--unstyled display-flex flex-align-center"
                  data-testid="button"
                  type="button"
                >
                  <svg
                    class="usa-icon margin-right-1"
                    focusable="false"
                    height="1em"
                    role="img"
                    viewBox="0 0 24 24"
                    width="1em"
                    xmlns="http://www.w3.org/2000/svg"
                  >
                    <path
                      d="M20 11H7.83l5.59-5.59L12 4l-8 8 8 8 1.41-1.41L7.83 13H20v-2z"
                    />
                  </svg>
                  Save and return to request
                </button>
              </div>
            </div>
          </div>
        </div>
      </div>
      <div
        class="grid-container"
        data-testid="gridContainer"
      />
      <div
        class="grid-container"
        data-testid="gridContainer"
      >
        <div
          aria-label="progress"
          class="usa-step-indicator margin-top-4 margin-bottom-2"
          data-testid="step-indicator"
        >
          <ol
            class="usa-step-indicator__segments"
          >
            <li
              aria-disabled="true"
              class="usa-step-indicator__segment maxw-none usa-step-indicator__segment--disabled"
              data-testid="stepIndicator-0"
            >
              <span
                class="usa-step-indicator__segment-label"
              >
                Review type 
                <span
                  class="usa-sr-only"
                >
                  not completed
                </span>
              </span>
            </li>
            <li
              aria-disabled="true"
              class="usa-step-indicator__segment maxw-none usa-step-indicator__segment--disabled"
              data-testid="stepIndicator-1"
            >
              <span
                class="usa-step-indicator__segment-label"
              >
                Presentation 
                <span
                  class="usa-sr-only"
                >
                  not completed
                </span>
              </span>
            </li>
            <li
              aria-current="true"
              aria-disabled="true"
              class="usa-step-indicator__segment usa-step-indicator__segment--current maxw-none usa-step-indicator__segment--disabled"
              data-testid="stepIndicator-2"
            >
              <span
                class="usa-step-indicator__segment-label"
              >
                Additional documentation 
              </span>
            </li>
            <li
              aria-disabled="true"
              class="usa-step-indicator__segment maxw-none usa-step-indicator__segment--disabled"
              data-testid="stepIndicator-3"
            >
              <span
                class="usa-step-indicator__segment-label"
              >
                Participants and timeframe 
                <span
                  class="usa-sr-only"
                >
                  not completed
                </span>
              </span>
            </li>
          </ol>
          <div
            class="usa-step-indicator__header"
          >
            <h4
              class="usa-step-indicator__heading"
            >
              <span
                class="usa-step-indicator__heading-counter"
              >
                <span
                  class="usa-sr-only"
                >
                  Step
                </span>
                <span
                  class="usa-step-indicator__current-step"
                >
                  3
                </span>
                 
                <span
                  class="usa-step-indicator__total-steps"
                >
                  of 4
                </span>
                 
              </span>
              <span
                class="usa-step-indicator__heading-text"
              >
                Additional documentation
              </span>
            </h4>
          </div>
        </div>
      </div>
    </div>
    <div
      class="grid-container grb-review-form-documents padding-bottom-10"
      data-testid="gridContainer"
    >
      <form
        class="usa-form step-content-wrapper maxw-none"
        data-testid="grbReviewForm-stepContentWrapper"
        role="form"
      >
        <p
          class="line-height-body-5 text-light font-body-sm margin-top-0 margin-bottom-1"
        >
          EASi will automatically link the Business Case (if applicable) and Intake Request form, but you may upload any additional documents necessary to provide GRB reviewers with project information or context. Documents already listed below were uploaded by the requester or project team as a part of their intake request. You may remove any documents uploaded by other Governance Admin Team members, but will not be able to remove documents uploaded by the requester or project team.
        </p>
        <div
          class="easi-collapsable-link"
        >
          <button
            aria-controls="documentsList"
            aria-expanded="false"
            class="usa-button usa-button--unstyled display-flex flex-align-center margin-top-3 padding-y-0"
            data-testid="collapsable-link"
            type="button"
          >
            <svg
              class="usa-icon margin-right-05"
              focusable="false"
              height="1em"
              role="img"
              viewBox="0 0 24 24"
              width="1em"
              xmlns="http://www.w3.org/2000/svg"
            >
              <path
                d="M10 6 8.59 7.41 13.17 12l-4.58 4.59L10 18l6-6z"
              />
            </svg>
            What documents should I upload?
          </button>
        </div>
        <div
          class="usa-alert usa-alert--info usa-alert--slim margin-top-3"
          data-testid="alert"
        >
          <div
            class="usa-alert__body"
          >
            <p
              class="usa-alert__text"
            >
              Because this review is a standard GRB meeting, GRB members may not review these documents unless they are presented during the meeting. However, adding additional documents here gives GRB members the option to access documentation within EASi prior to the meeting.
            </p>
          </div>
        </div>
        <h4
          class="margin-top-6 margin-bottom-1"
        >
          Documents
        </h4>
        <button
          class="usa-button"
          data-testid="button"
          type="button"
        >
          Add a document
        </button>
        <div
          class="margin-top-4"
          id="systemIntakeDocuments"
        >
          <div
            class="usa-table-container--scrollable"
            data-testid="scrollable-table-container"
            tabindex="0"
          >
            <table
              class="usa-table usa-table--borderless width-full"
              data-testid="table"
            >
              <thead>
                <tr
                  role="row"
                >
                  <th
                    aria-sort="none"
                    class="border-bottom-2px"
                    colspan="1"
                    role="columnheader"
                    scope="col"
                    style="cursor: pointer;"
                    title="Toggle SortBy"
                  >
                    <button
                      class="usa-button usa-button--unstyled"
                      data-testid="button"
                      style="cursor: pointer;"
                      title="Toggle SortBy"
                      type="button"
                    >
                      File name
                      <svg
                        class="usa-icon margin-left-05"
                        data-testid="caret--sort"
                        focusable="false"
                        height="1em"
                        role="img"
                        viewBox="0 0 24 24"
                        width="1em"
                        xmlns="http://www.w3.org/2000/svg"
                      >
                        <path
                          d="M12 5.83 15.17 9l1.41-1.41L12 3 7.41 7.59 8.83 9 12 5.83zm0 12.34L8.83 15l-1.41 1.41L12 21l4.59-4.59L15.17 15 12 18.17z"
                        />
                      </svg>
                    </button>
                  </th>
                  <th
                    aria-sort="none"
                    class="border-bottom-2px"
                    colspan="1"
                    role="columnheader"
                    scope="col"
                    style="cursor: pointer;"
                    title="Toggle SortBy"
                  >
                    <button
                      class="usa-button usa-button--unstyled"
                      data-testid="button"
                      style="cursor: pointer;"
                      title="Toggle SortBy"
                      type="button"
                    >
                      Document type
                      <svg
                        class="usa-icon margin-left-05"
                        data-testid="caret--sort"
                        focusable="false"
                        height="1em"
                        role="img"
                        viewBox="0 0 24 24"
                        width="1em"
                        xmlns="http://www.w3.org/2000/svg"
                      >
                        <path
                          d="M12 5.83 15.17 9l1.41-1.41L12 3 7.41 7.59 8.83 9 12 5.83zm0 12.34L8.83 15l-1.41 1.41L12 21l4.59-4.59L15.17 15 12 18.17z"
                        />
                      </svg>
                    </button>
                  </th>
                  <th
                    aria-sort="descending"
                    class="border-bottom-2px"
                    colspan="1"
                    role="columnheader"
                    scope="col"
                    style="cursor: pointer;"
                    title="Toggle SortBy"
                  >
                    <button
                      class="usa-button usa-button--unstyled"
                      data-testid="button"
                      style="cursor: pointer;"
                      title="Toggle SortBy"
                      type="button"
                    >
                      Date added
                      <svg
                        class="usa-icon margin-left-05"
                        data-testid="caret--down"
                        focusable="false"
                        height="1em"
                        role="img"
                        viewBox="0 0 24 24"
                        width="1em"
                        xmlns="http://www.w3.org/2000/svg"
                      >
                        <path
                          d="M16.59 8.59 12 13.17 7.41 8.59 6 10l6 6 6-6z"
                        />
                      </svg>
                    </button>
                  </th>
                  <th
                    aria-sort="none"
                    class="border-bottom-2px"
                    colspan="1"
                    role="columnheader"
                    scope="col"
                    style="cursor: pointer;"
                    title="Toggle SortBy"
                  >
                    <button
                      class="usa-button usa-button--unstyled"
                      data-testid="button"
                      style="cursor: pointer;"
                      title="Toggle SortBy"
                      type="button"
                    >
                      Actions
                      <svg
                        class="usa-icon margin-left-05"
                        data-testid="caret--sort"
                        focusable="false"
                        height="1em"
                        role="img"
                        viewBox="0 0 24 24"
                        width="1em"
                        xmlns="http://www.w3.org/2000/svg"
                      >
                        <path
                          d="M12 5.83 15.17 9l1.41-1.41L12 3 7.41 7.59 8.83 9 12 5.83zm0 12.34L8.83 15l-1.41 1.41L12 21l4.59-4.59L15.17 15 12 18.17z"
                        />
                      </svg>
                    </button>
                  </th>
                </tr>
              </thead>
              <tbody
                role="rowgroup"
              >
                <tr
                  role="row"
                >
                  <td
                    class="text-ttop"
                    role="cell"
                  >
                    sample3.pdf
                  </td>
                  <td
                    class="text-ttop"
                    role="cell"
                  >
                    <p>
                      Some other type of doc
                    </p>
                    <p
                      class="text-base font-sans-2xs"
                    >
                      Historical
                    </p>
                  </td>
                  <td
                    class="text-ttop"
                    role="cell"
                  >
                    06/14/2023
                  </td>
                  <td
                    class="text-ttop"
                    role="cell"
                  >
                    Unavailable
                  </td>
                </tr>
                <tr
                  role="row"
                >
                  <td
                    class="text-ttop"
                    role="cell"
                  >
                    sample1.pdf
                  </td>
                  <td
                    class="text-ttop"
                    role="cell"
                  >
                    <p>
                      Draft IGCE
                    </p>
                    <p
                      class="text-base font-sans-2xs"
                    >
                      Current
                    </p>
                  </td>
                  <td
                    class="text-ttop"
                    role="cell"
                  >
                    06/14/2023
                  </td>
                  <td
                    class="text-ttop"
                    role="cell"
                  >
                    <div
                      class="display-flex flex-row"
                    >
                      <button
                        class="usa-button usa-button--unstyled"
                        data-testid="button"
                        type="button"
                      >
                        Download
                      </button>
                      <button
                        class="usa-button usa-button--unstyled margin-left-2 text-error"
                        data-testid="button"
                        type="button"
                      >
                        Remove
                      </button>
                    </div>
                  </td>
                </tr>
                <tr
                  role="row"
                >
                  <td
                    class="text-ttop"
                    role="cell"
                  >
                    sample2.pdf
                  </td>
                  <td
                    class="text-ttop"
                    role="cell"
                  >
                    <p>
                      SOO, SOW, PWS, or other contracting document
                    </p>
                    <p
                      class="text-base font-sans-2xs"
                    >
                      Current
                    </p>
                  </td>
                  <td
                    class="text-ttop"
                    role="cell"
                  >
                    06/14/2023
                  </td>
                  <td
                    class="text-ttop"
                    role="cell"
                  >
                    <em
                      data-testurl="http://localhost:9004/easi-app-file-uploads/7e047111-6228-4943-9c4b-0961f27858f4.pdf?X-Amz-Algorithm=AWS4-HMAC-SHA256&X-Amz-Credential=minioadmin%2F20230614%2Fus-west-2%2Fs3%2Faws4_request&X-Amz-Date=20230614T184943Z&X-Amz-Expires=900&X-Amz-SignedHeaders=host&X-Amz-Signature=0e3f337697c616b01533accd95a316cbeabeb6990961b9881911c757837cbf95"
                    >
                      Virus scan in progress...
                    </em>
                  </td>
                </tr>
              </tbody>
            </table>
          </div>
        </div>
        <div
          class="margin-top-8 margin-bottom-3"
        >
          <ul
            class="usa-button-group"
          >
            <li
              class="usa-button-group__item"
            >
              <div
                class="display-flex flex-align-center"
              >
                <button
                  class="usa-button usa-button--outline margin-top-0 margin-bottom-1 mobile-lg:margin-bottom-0"
                  data-testid="button"
                  type="button"
                >
                  Back
                </button>
              </div>
            </li>
            <li
              class="usa-button-group__item"
            >
              <div
                class="display-flex flex-align-center"
              >
                <button
                  class="usa-button margin-top-0"
                  data-testid="button"
                  disabled=""
                  type="submit"
                >
                  Next
                </button>
              </div>
            </li>
          </ul>
          <button
            class="usa-button usa-button--unstyled margin-top-2 display-flex flex-align-center"
            data-testid="button"
            type="button"
          >
            <svg
              class="usa-icon margin-right-05"
              focusable="false"
              height="1em"
              role="img"
              viewBox="0 0 24 24"
              width="1em"
              xmlns="http://www.w3.org/2000/svg"
            >
              <path
                d="M20 11H7.83l5.59-5.59L12 4l-8 8 8 8 1.41-1.41L7.83 13H20v-2z"
              />
            </svg>
            Save and return to request
          </button>
        </div>
      </form>
    </div>
  </main>
</DocumentFragment>
`;
