// Vitest Snapshot v1, https://vitest.dev/guide/snapshot.html

exports[`SystemProfileSectionCard > matches the snapshot 1`] = `
<DocumentFragment>
  <li
    class="usa-card grid-col-4"
    data-testid="Card"
  >
    <div
      class="usa-card__container"
    >
      <div
        class="usa-card__header padding-bottom-0"
        data-testid="CardHeader"
      >
        <h3>
          Section Title
        </h3>
      </div>
      <div
        class="usa-card__body padding-top-05"
        data-testid="CardBody"
      >
        <p>
          This is the section card description.
        </p>
      </div>
      <div
        class="usa-card__footer"
        data-testid="CardFooter"
      >
        <button
          class="usa-button usa-button--outline"
          data-testid="button"
          type="button"
        >
          Edit section
        </button>
      </div>
    </div>
  </li>
</DocumentFragment>
`;
