// Vitest Snapshot v1, https://vitest.dev/guide/snapshot.html

exports[`The FieldGroup component > matches snapshot 1`] = `
<DocumentFragment>
  <div
    class="usa-form-group"
  >
    Test
  </div>
</DocumentFragment>
`;
