// Vitest Snapshot v1, https://vitest.dev/guide/snapshot.html

exports[`SystemIntakeContactsTable > matches the snapshot 1`] = `
<DocumentFragment>
  <div
    class="system-intake-contacts-table usa-table-container--scrollable"
  >
    <table
      class="usa-table usa-table--borderless width-full"
      data-testid="table"
    >
      <thead>
        <tr
          role="row"
        >
          <th
            aria-sort="none"
            class="border-bottom-2px"
            colspan="1"
            role="columnheader"
            scope="col"
            style="width: 150px;"
          >
            <button
              class="usa-button usa-button--unstyled width-full flex-justify margin-y-0"
              data-testid="button"
              style="cursor: pointer;"
              title="Toggle SortBy"
              type="button"
            >
              <span
                class="display-block margin-left-4 padding-left-05"
              >
                Name
              </span>
              <svg
                aria-hidden="true"
                class="usa-icon margin-left-05"
                data-testid="caret--sort"
                focusable="false"
                height="1em"
                role="img"
                viewBox="0 0 24 24"
                width="1em"
                xmlns="http://www.w3.org/2000/svg"
              >
                <path
                  d="M12 5.83 15.17 9l1.41-1.41L12 3 7.41 7.59 8.83 9 12 5.83zm0 12.34L8.83 15l-1.41 1.41L12 21l4.59-4.59L15.17 15 12 18.17z"
                />
              </svg>
            </button>
          </th>
          <th
            aria-sort="none"
            class="border-bottom-2px"
            colspan="1"
            role="columnheader"
            scope="col"
            style="width: 150px;"
          >
            <button
              class="usa-button usa-button--unstyled width-full flex-justify margin-y-0"
              data-testid="button"
              style="cursor: pointer;"
              title="Toggle SortBy"
              type="button"
            >
              Component
              <svg
                aria-hidden="true"
                class="usa-icon margin-left-05"
                data-testid="caret--sort"
                focusable="false"
                height="1em"
                role="img"
                viewBox="0 0 24 24"
                width="1em"
                xmlns="http://www.w3.org/2000/svg"
              >
                <path
                  d="M12 5.83 15.17 9l1.41-1.41L12 3 7.41 7.59 8.83 9 12 5.83zm0 12.34L8.83 15l-1.41 1.41L12 21l4.59-4.59L15.17 15 12 18.17z"
                />
              </svg>
            </button>
          </th>
          <th
            aria-sort="none"
            class="border-bottom-2px"
            colspan="1"
            role="columnheader"
            scope="col"
            style="width: 150px;"
          >
            <button
              class="usa-button usa-button--unstyled width-full flex-justify margin-y-0"
              data-testid="button"
              style="cursor: pointer;"
              title="Toggle SortBy"
              type="button"
            >
              Role(s)
              <svg
                aria-hidden="true"
                class="usa-icon margin-left-05"
                data-testid="caret--sort"
                focusable="false"
                height="1em"
                role="img"
                viewBox="0 0 24 24"
                width="1em"
                xmlns="http://www.w3.org/2000/svg"
              >
                <path
                  d="M12 5.83 15.17 9l1.41-1.41L12 3 7.41 7.59 8.83 9 12 5.83zm0 12.34L8.83 15l-1.41 1.41L12 21l4.59-4.59L15.17 15 12 18.17z"
                />
              </svg>
            </button>
          </th>
          <th
            class="border-bottom-2px"
            colspan="1"
            role="columnheader"
            style="width: 150px;"
          >
            Actions
          </th>
        </tr>
      </thead>
      <tbody
        role="rowgroup"
      >
        <tr>
          <td
            class="padding-left-4"
            colspan="4"
          >
            <span
              class="margin-left-05 display-flex flex-align-center text-italic"
            >
              <span
                aria-valuetext="Loading"
                class="easi-spinner easi-spinner--small margin-right-1"
                role="progressbar"
              />
              Loading contacts
            </span>
          </td>
        </tr>
      </tbody>
    </table>
  </div>
</DocumentFragment>
`;
