// Jest Snapshot v1, https://goo.gl/fbAQLP

exports[`Trb Admin: Action: Request Edits submits a feedback message 1`] = `
<DocumentFragment>
  <div
    class="grid-container width-full"
    data-testid="gridContainer"
  >
    <nav
      aria-label="Breadcrumbs"
      class="usa-breadcrumb padding-bottom-0"
      style="background-color: transparent;"
    >
      <ol
        class="usa-breadcrumb__list"
      >
        <li
          class="usa-breadcrumb__list-item"
        >
          <a
            class="usa-breadcrumb__link"
            href="/trb"
          >
            <span>
              Home
            </span>
          </a>
        </li>
        <li
          class="usa-breadcrumb__list-item"
        >
          <a
            class="usa-breadcrumb__link"
            href="/trb/d8ebedca-0031-4ccd-9690-37390726c50e/initial-request-form"
          >
            <span>
              Request details
            </span>
          </a>
        </li>
        <li
          aria-current="page"
          class="usa-breadcrumb__list-item usa-current"
        >
          <span>
            Request edits
          </span>
        </li>
      </ol>
    </nav>
    <h1
      aria-live="polite"
      class="easi-h1 margin-bottom-0"
      tabindex="-1"
    >
      Action: request edits
    </h1>
    <p
      class="line-height-body-5 font-body-lg text-light margin-0"
    >
      Use this action if the TRB needs additional information about the request in order to proceed with scheduling a consult session. Specify the edits or additional information needed from the requester.
    </p>
    <p
      class="margin-top-1 text-base"
    >
      Fields marked with an asterisk ( 
      <span
        class="text-red"
      >
        *
      </span>
       ) are required.
    </p>
    <form
      class="usa-form maxw-none tablet:grid-col-12 desktop:grid-col-6"
      data-testid="form"
    >
      <div
        class="usa-form-group"
        data-testid="formGroup"
      >
        <label
          class="usa-label text-normal margin-top-6"
          for="feedbackMessage"
        >
          What type of edits are needed prior to scheduling the consult session?
          <span
            class="text-red"
          >
             *
          </span>
        </label>
        <div
          class="easi-help-text"
          id="feedbackmessage-hint"
        >
          Provide feedback to the requester about the content of their initial request form or supporting documents. The requester will see this feedback in their task list and in the email you send.
        </div>
        <textarea
          aria-describedby="feedbackMessage-info feedbackMessage-hint"
          class="usa-textarea"
          id="feedbackMessage"
          name="feedbackMessage"
        />
        <span
          aria-atomic="false"
          aria-live="polite"
          class="easi-character-counter margin-top-1"
          id="feedbackMessage-counter"
        >
          2000 characters remaining
        </span>
      </div>
      <h3
        class="margin-top-6 margin-bottom-0"
      >
        Notification email
      </h3>
      <p
        class="margin-0 line-height-body-5"
      >
        A notification email will be sent to the requester when you complete this action. If you would like, you may also send a copy to the TRB mailbox and/or to any additional attendees.
      </p>
      <div
        class="usa-form-group margin-top-4"
      >
        <legend>
          Choose recipients
        </legend>
        <p
          class="margin-bottom-0 margin-top-05"
        >
          <span
            class="text-bold"
          >
            2
          </span>
           recipients selected
        </p>
        <ul
          class="usa-list usa-list--unstyled"
        >
          <li>
            <div
              class="easi-checkbox usa-checkbox"
            >
              <input
                checked=""
                class="usa-checkbox__input"
                id="notifyEuaIds.0"
                name="notifyEuaIds"
                type="checkbox"
                value="ABCD"
              />
              <label
                class="usa-checkbox__label"
                for="notifyEuaIds.0"
              >
                Adeline Aarons, CMS (Requester)
              </label>
            </div>
          </li>
          <li>
            <div
              class="easi-checkbox usa-checkbox"
            >
              <input
                checked=""
                class="usa-checkbox__input"
                id="copyTrbMailbox"
                name="copyTrbMailbox"
                type="checkbox"
                value="true"
              />
              <label
                class="usa-checkbox__label"
                for="copyTrbMailbox"
              >
                Copy TRB Mailbox
              </label>
            </div>
          </li>
          <button
            class="usa-button usa-button--unstyled truncated-content-button display-flex flex-align-center margin-top-2"
            data-testid="truncatedContentButton"
            type="button"
          >
            <svg
              class="usa-icon margin-x-05"
              focusable="false"
              height="1em"
              role="img"
              viewBox="0 0 24 24"
              width="1em"
              xmlns="http://www.w3.org/2000/svg"
            >
              <path
                d="M0 0h24v24H0z"
                fill="none"
              />
              <path
                d="m7 10 5 5 5-5z"
              />
            </svg>
             Show 3 more recipients
          </button>
        </ul>
      </div>
      <div
        class="margin-top-5"
      >
        <ul
          class="usa-button-group"
        >
          <li
            class="usa-button-group__item"
          >
            <div
              class="display-flex flex-align-center"
            >
              <button
                class="usa-button margin-top-0"
                data-testid="button"
                disabled=""
                type="submit"
              >
                Complete action
              </button>
            </div>
          </li>
        </ul>
        <button
          class="usa-button usa-button--unstyled margin-top-2 display-flex flex-align-center"
          data-testid="button"
          type="button"
        >
          <svg
            class="usa-icon margin-right-05"
            focusable="false"
            height="1em"
            role="img"
            viewBox="0 0 24 24"
            width="1em"
            xmlns="http://www.w3.org/2000/svg"
          >
            <path
              d="M0 0h24v24H0z"
              fill="none"
            />
            <path
              d="M20 11H7.83l5.59-5.59L12 4l-8 8 8 8 1.41-1.41L7.83 13H20v-2z"
            />
          </svg>
          Cancel action and return to request
        </button>
      </div>
    </form>
  </div>
</DocumentFragment>
`;
