// Vitest Snapshot v1, https://vitest.dev/guide/snapshot.html

exports[`TRB Advice Letter review component > Matches the snapshot 1`] = `
<DocumentFragment>
  <div>
    <p
      class="easi-only-print"
    >
      Thank you for attending the TRB consult session!
    </p>
    <div
      class="grid-row grid-gap margin-bottom-neg-2"
      data-testid="grid"
    >
      <div
        class="tablet:grid-col-12 desktop:grid-col-6"
        data-testid="grid"
      >
        <p
          class="text-bold margin-y-0 easi-no-print"
        >
          Send date
        </p>
        <p
          class="margin-top-1 easi-no-print"
        >
          Not yet sent
        </p>
      </div>
    </div>
    <div
      class="easi-section easi-section__border-top margin-top-6 padding-top-1"
      data-testid="section-wrapper"
    >
      <h2
        class="margin-bottom-1"
      >
        What we heard
      </h2>
      <p
        class="easi-no-print text-bold margin-top-4 margin-bottom-0"
      >
        Meeting summary
      </p>
      <div
        class="easi-toast easi-toast-viewer margin-top-1"
      >
        <div>
          <div
            class="toastui-editor-contents"
            style="overflow-wrap: break-word;"
          >
            <p
              data-nodeid="1"
            >
              Meeting summary text
            </p>
            

          </div>
        </div>
      </div>
    </div>
    <div
      class="easi-section easi-section__border-top margin-top-6 padding-top-1"
      data-testid="section-wrapper"
    >
      <h2
        class="margin-bottom-1"
      >
        What we recommend
      </h2>
      <div
        class="margin-top-4"
      >
        <div
          class="usa-alert usa-alert--info usa-alert--slim margin-bottom-4"
          data-testid="alert"
        >
          <div
            class="usa-alert__body"
          >
            <p
              class="usa-alert__text"
            >
              If you have two or more recommendations, you can use arrows on the left side of each recommendation to reorder them.
            </p>
          </div>
        </div>
        <ul
          class="usa-list usa-list--unstyled"
        >
          <li
            class="margin-bottom-3"
            data-testid="recommendations_list-item"
          >
            <div
              class="bg-base-lightest padding-top-2 padding-bottom-105 padding-left-105 padding-right-3 display-flex"
            >
              <div
                class="margin-right-2 display-flex flex-column flex-align-center line-height-body-1"
                data-testid="reorder-controls"
              >
                <button
                  aria-label="Increase recommendation sort order"
                  class="usa-button usa-button--unstyled height-3"
                  data-testid="button"
                  type="button"
                >
                  <svg
                    class="usa-icon usa-icon--size-3 text-primary"
                    focusable="false"
                    height="1em"
                    role="img"
                    viewBox="0 0 24 24"
                    width="1em"
                    xmlns="http://www.w3.org/2000/svg"
                  >
                    <path
                      d="M0 0h24v24H0z"
                      fill="none"
                    />
                    <path
                      d="m7 14 5-5 5 5z"
                    />
                  </svg>
                </button>
                <span
                  data-testid="order-index"
                >
                  1
                </span>
                <button
                  aria-label="Decrease recommendation sort order"
                  class="usa-button usa-button--unstyled height-3"
                  data-testid="button"
                  type="button"
                >
                  <svg
                    class="usa-icon usa-icon--size-3 text-primary"
                    focusable="false"
                    height="1em"
                    role="img"
                    viewBox="0 0 24 24"
                    width="1em"
                    xmlns="http://www.w3.org/2000/svg"
                  >
                    <path
                      d="M0 0h24v24H0z"
                      fill="none"
                    />
                    <path
                      d="m7 10 5 5 5-5z"
                    />
                  </svg>
                </button>
              </div>
              <div
                class="width-full padding-bottom-2 padding-top-105"
              >
                <h3
                  class="margin-top-0 margin-bottom-05"
                >
                  Recommendation 1
                </h3>
                <div
                  class="easi-toast easi-toast-viewer margin-top-1"
                >
                  <div>
                    <div
                      class="toastui-editor-contents"
                      style="overflow-wrap: break-word;"
                    >
                      <p
                        data-nodeid="3"
                      >
                        This is the recommendation text
                      </p>
                      

                    </div>
                  </div>
                </div>
                <p
                  class="text-bold margin-bottom-0 margin-top-2"
                >
                  Resources
                </p>
                <ul
                  class="usa-list usa-list--unstyled margin-bottom-05"
                >
                  <li>
                    <a
                      aria-label="Open easi.cms.gov in a new tab"
                      class="usa-link"
                      href="/"
                      rel="noopener noreferrer"
                      target="_blank"
                    >
                      easi.cms.gov
                    </a>
                  </li>
                  <li>
                    <a
                      aria-label="Open https://google.com in a new tab"
                      class="usa-link usa-link--external"
                      href="https://google.com/"
                      rel="noopener noreferrer"
                      target="_blank"
                    >
                      google.com
                    </a>
                  </li>
                </ul>
              </div>
            </div>
          </li>
          <li
            class="margin-bottom-3"
            data-testid="recommendations_list-item"
          >
            <div
              class="bg-base-lightest padding-top-2 padding-bottom-105 padding-left-105 padding-right-3 display-flex"
            >
              <div
                class="margin-right-2 display-flex flex-column flex-align-center line-height-body-1"
                data-testid="reorder-controls"
              >
                <button
                  aria-label="Increase recommendation sort order"
                  class="usa-button usa-button--unstyled height-3"
                  data-testid="button"
                  type="button"
                >
                  <svg
                    class="usa-icon usa-icon--size-3 text-primary"
                    focusable="false"
                    height="1em"
                    role="img"
                    viewBox="0 0 24 24"
                    width="1em"
                    xmlns="http://www.w3.org/2000/svg"
                  >
                    <path
                      d="M0 0h24v24H0z"
                      fill="none"
                    />
                    <path
                      d="m7 14 5-5 5 5z"
                    />
                  </svg>
                </button>
                <span
                  data-testid="order-index"
                >
                  2
                </span>
                <button
                  aria-label="Decrease recommendation sort order"
                  class="usa-button usa-button--unstyled height-3"
                  data-testid="button"
                  type="button"
                >
                  <svg
                    class="usa-icon usa-icon--size-3 text-primary"
                    focusable="false"
                    height="1em"
                    role="img"
                    viewBox="0 0 24 24"
                    width="1em"
                    xmlns="http://www.w3.org/2000/svg"
                  >
                    <path
                      d="M0 0h24v24H0z"
                      fill="none"
                    />
                    <path
                      d="m7 10 5 5 5-5z"
                    />
                  </svg>
                </button>
              </div>
              <div
                class="width-full padding-bottom-2 padding-top-105"
              >
                <h3
                  class="margin-top-0 margin-bottom-05"
                >
                  Recommendation 2
                </h3>
                <div
                  class="easi-toast easi-toast-viewer margin-top-1"
                >
                  <div>
                    <div
                      class="toastui-editor-contents"
                      style="overflow-wrap: break-word;"
                    >
                      <p
                        data-nodeid="5"
                      >
                        This is the recommendation text
                      </p>
                      

                    </div>
                  </div>
                </div>
                <p
                  class="text-bold margin-bottom-0 margin-top-2"
                >
                  Resources
                </p>
                <ul
                  class="usa-list usa-list--unstyled margin-bottom-05"
                >
                  <li>
                    <a
                      aria-label="Open easi.cms.gov in a new tab"
                      class="usa-link"
                      href="/"
                      rel="noopener noreferrer"
                      target="_blank"
                    >
                      easi.cms.gov
                    </a>
                  </li>
                  <li>
                    <a
                      aria-label="Open cms.gov in a new tab"
                      class="usa-link usa-link--external"
                      href="https://cms.gov/"
                      rel="noopener noreferrer"
                      target="_blank"
                    >
                      cms.gov
                    </a>
                  </li>
                </ul>
              </div>
            </div>
          </li>
          <li
            class="margin-bottom-3"
            data-testid="recommendations_list-item"
          >
            <div
              class="bg-base-lightest padding-top-2 padding-bottom-105 padding-left-105 padding-right-3 display-flex"
            >
              <div
                class="margin-right-2 display-flex flex-column flex-align-center line-height-body-1"
                data-testid="reorder-controls"
              >
                <button
                  aria-label="Increase recommendation sort order"
                  class="usa-button usa-button--unstyled height-3"
                  data-testid="button"
                  type="button"
                >
                  <svg
                    class="usa-icon usa-icon--size-3 text-primary"
                    focusable="false"
                    height="1em"
                    role="img"
                    viewBox="0 0 24 24"
                    width="1em"
                    xmlns="http://www.w3.org/2000/svg"
                  >
                    <path
                      d="M0 0h24v24H0z"
                      fill="none"
                    />
                    <path
                      d="m7 14 5-5 5 5z"
                    />
                  </svg>
                </button>
                <span
                  data-testid="order-index"
                >
                  3
                </span>
                <button
                  aria-label="Decrease recommendation sort order"
                  class="usa-button usa-button--unstyled height-3"
                  data-testid="button"
                  type="button"
                >
                  <svg
                    class="usa-icon usa-icon--size-3 text-primary"
                    focusable="false"
                    height="1em"
                    role="img"
                    viewBox="0 0 24 24"
                    width="1em"
                    xmlns="http://www.w3.org/2000/svg"
                  >
                    <path
                      d="M0 0h24v24H0z"
                      fill="none"
                    />
                    <path
                      d="m7 10 5 5 5-5z"
                    />
                  </svg>
                </button>
              </div>
              <div
                class="width-full padding-bottom-2 padding-top-105"
              >
                <h3
                  class="margin-top-0 margin-bottom-05"
                >
                  Recommendation 3
                </h3>
                <div
                  class="easi-toast easi-toast-viewer margin-top-1"
                >
                  <div>
                    <div
                      class="toastui-editor-contents"
                      style="overflow-wrap: break-word;"
                    >
                      <p
                        data-nodeid="7"
                      >
                        This is the recommendation text
                      </p>
                      

                    </div>
                  </div>
                </div>
              </div>
            </div>
          </li>
        </ul>
      </div>
    </div>
    <div
      class="easi-section easi-section__border-top margin-top-6 padding-top-1"
      data-testid="section-wrapper"
    >
      <h2
        class="margin-bottom-1"
      >
        Next steps
      </h2>
      <p
        class="text-bold margin-top-4 margin-bottom-1"
      >
        Next steps
      </p>
      <div
        class="easi-toast easi-toast-viewer margin-top-1"
      >
        <div>
          <div
            class="toastui-editor-contents"
            style="overflow-wrap: break-word;"
          >
            <p
              data-nodeid="9"
            >
              These are the next steps
            </p>
            

          </div>
        </div>
      </div>
      <p
        class="text-bold margin-top-3 margin-bottom-1"
      >
        Should the team return for a follow-up session?
      </p>
      <p
        class="margin-top-1 line-height-body-5"
      >
        Yes, Six months from now
      </p>
    </div>
  </div>
</DocumentFragment>
`;
