// Jest Snapshot v1, https://goo.gl/fbAQLP

exports[`CedarContactSelect matches the snapshot 1`] = `
<DocumentFragment>
  <ul>
    <li>
      One
    </li>
    <li>
      Two
    </li>
    <button
      class="usa-button usa-button--unstyled truncated-content-button display-flex flex-align-center"
      data-testid="truncatedContentButton"
      type="button"
    >
      <svg
        class="usa-icon margin-x-05"
        focusable="false"
        height="1em"
        role="img"
        viewBox="0 0 24 24"
        width="1em"
        xmlns="http://www.w3.org/2000/svg"
      >
        <path
          d="M0 0h24v24H0z"
          fill="none"
        />
        <path
          d="m7 10 5 5 5-5z"
        />
      </svg>
       Show more
    </button>
  </ul>
</DocumentFragment>
`;
