// Jest Snapshot v1, https://goo.gl/fbAQLP

exports[`TRB admin home wrapper matches the snapshot 1`] = `
<DocumentFragment>
  <div
    class="trb-admin"
    id="trbAdminHome"
  >
    <div
      class="trb-admin-home__summary"
    >
      <section
        class="bg-primary-darker padding-bottom-3 text-white"
      >
        <div
          class="grid-container"
          data-testid="gridContainer"
        >
          <nav
            aria-label="Breadcrumbs"
            class="usa-breadcrumb usa-breadcrumb--wrap bg-transparent text-white"
          >
            <ol
              class="usa-breadcrumb__list"
            >
              <li
                class="usa-breadcrumb__list-item"
              >
                <a
                  class="usa-breadcrumb__link"
                  href="/"
                >
                  <span
                    class="text-white"
                  >
                    Home
                  </span>
                </a>
              </li>
              <li
                aria-current="page"
                class="usa-breadcrumb__list-item usa-current"
              >
                Request 441cb9e0-2cb3-43ca-b168-9d6a2a13ec91
              </li>
            </ol>
          </nav>
          <h2
            class="margin-top-05 margin-bottom-0"
          >
            Draft
          </h2>
          <div
            class="grid-row"
            data-testid="grid"
          >
            <div
              class="tablet:grid-col-8"
              data-testid="grid"
            >
              <div
                class="margin-top-2 margin-bottom-05"
                data-testid="trbSummary-requestType"
              >
                <h5
                  class="text-normal margin-y-0"
                >
                  Request type
                </h5>
                <h4
                  class="margin-y-05"
                >
                  Iâ€™m having a problem with my system
                </h4>
              </div>
            </div>
            <div
              class="tablet:grid-col-4"
              data-testid="grid"
            >
              <div
                class="margin-top-2 margin-bottom-05"
              >
                <h5
                  class="text-normal margin-y-0"
                >
                  Requester
                </h5>
              </div>
              <div
                class="margin-top-2 margin-bottom-05"
                data-testid="trbSummary-submissionDate"
              >
                <h5
                  class="text-normal margin-y-0"
                >
                  Submission Date
                </h5>
                <h4
                  class="margin-y-05"
                >
                  January 5, 2023
                </h4>
              </div>
            </div>
          </div>
        </div>
      </section>
      <section
        class="bg-base-lightest padding-y-05"
      >
        <div
          class="grid-container"
          data-testid="gridContainer"
        >
          <div
            class="grid-row"
            data-testid="grid"
          >
            <div
              class="tablet:grid-col-8 display-flex flex-align-center margin-y-05"
              data-testid="trbSummary-status"
            >
              <h4
                class="margin-y-0"
              >
                Status
              </h4>
              <span
                class="bg-info-dark text-white text-bold padding-y-05 padding-x-105 margin-x-1"
              >
                Open
              </span>
              <p
                class="margin-y-0 text-base"
              >
                Ready to start request form
              </p>
            </div>
            <div
              class="tablet:grid-col-4 display-flex flex-align-center margin-y-05"
              data-testid="trbSummary-trbLead"
            >
              <h4
                class="margin-y-0"
              >
                TRB Lead
              </h4>
              <p
                class="margin-y-0 margin-x-1 display-flex flex-align-center"
              >
                <svg
                  class="usa-icon text-error margin-right-05"
                  focusable="false"
                  height="1em"
                  role="img"
                  viewBox="0 0 24 24"
                  width="1em"
                  xmlns="http://www.w3.org/2000/svg"
                >
                  <path
                    d="M0 0h24v24H0z"
                    fill="none"
                  />
                  <path
                    d="M12 2C6.48 2 2 6.48 2 12s4.48 10 10 10 10-4.48 10-10S17.52 2 12 2zm1 15h-2v-2h2v2zm0-4h-2V7h2v6z"
                  />
                </svg>
                Not assigned
              </p>
              <button
                class="usa-button usa-button--unstyled width-auto"
                data-testid="button"
                type="button"
              >
                Assign
              </button>
            </div>
          </div>
        </div>
      </section>
    </div>
    <div
      class="easi-grt__subNav-accordion"
    >
      <button
        aria-controls="easi-grt__subNav"
        aria-expanded="false"
        class="usa-menu-btn easi-header__basic width-full"
        type="button"
      >
        <h3
          class="padding-left-1"
        >
          Request home
        </h3>
        <svg
          class="usa-icon usa-icon--size-3"
          focusable="false"
          height="1em"
          role="img"
          viewBox="0 0 24 24"
          width="1em"
          xmlns="http://www.w3.org/2000/svg"
        >
          <path
            d="M0 0h24v24H0z"
            fill="none"
          />
          <path
            d="M16.59 8.59 12 13.17 7.41 8.59 6 10l6 6 6-6z"
          />
        </svg>
      </button>
    </div>
    <div
      class="grid-container"
      data-testid="gridContainer"
    >
      <div
        class="grid-row margin-y-5 grid-gap"
        data-testid="grid"
      >
        <div
          class="grid-col desktop:grid-col-3 display-none tablet:display-block"
          data-testid="grid"
        >
          <nav>
            <ul
              class="trb-admin__nav-list usa-list usa-list--unstyled"
            >
              <li
                class="margin-bottom-4"
              >
                <a
                  class="display-flex flex-align-center"
                  href="/"
                >
                  <svg
                    aria-hidden="true"
                    class="usa-icon margin-right-1"
                    focusable="false"
                    height="1em"
                    role="img"
                    viewBox="0 0 24 24"
                    width="1em"
                    xmlns="http://www.w3.org/2000/svg"
                  >
                    <path
                      d="M0 0h24v24H0z"
                      fill="none"
                    />
                    <path
                      d="M20 11H7.83l5.59-5.59L12 4l-8 8 8 8 1.41-1.41L7.83 13H20v-2z"
                    />
                  </svg>
                  Back to All Requests
                </a>
              </li>
              <li
                class="padding-y-1 trb-admin__nav-link hover:bg-base-lightest trb-admin__nav-link--active border-bottom-1px border-disabled-light"
              >
                <a
                  class="text-no-underline padding-y-05 text-primary"
                  href="/trb/441cb9e0-2cb3-43ca-b168-9d6a2a13ec91"
                >
                  Request home
                </a>
              </li>
              <li
                class="padding-y-1 trb-admin__nav-link hover:bg-base-lightest"
              >
                <a
                  class="text-no-underline padding-y-05 text-base-darkest"
                  href="/trb/441cb9e0-2cb3-43ca-b168-9d6a2a13ec91/initial-request-form"
                >
                  Initial request form
                </a>
              </li>
              <li
                class="padding-y-1 trb-admin__nav-link hover:bg-base-lightest"
              >
                <a
                  class="text-no-underline padding-y-05 text-base-darkest"
                  href="/trb/441cb9e0-2cb3-43ca-b168-9d6a2a13ec91/documents"
                >
                  Supporting documents
                </a>
              </li>
              <li
                class="padding-y-1 trb-admin__nav-link hover:bg-base-lightest"
              >
                <a
                  class="text-no-underline padding-y-05 text-base-darkest"
                  href="/trb/441cb9e0-2cb3-43ca-b168-9d6a2a13ec91/feedback"
                >
                  Feedback
                </a>
              </li>
              <li
                class="padding-y-1 trb-admin__nav-link hover:bg-base-lightest border-bottom-1px border-disabled-light"
              >
                <a
                  class="text-no-underline padding-y-05 text-base-darkest"
                  href="/trb/441cb9e0-2cb3-43ca-b168-9d6a2a13ec91/advice"
                >
                  Advice letter
                </a>
              </li>
              <li
                class="padding-y-1 trb-admin__nav-link hover:bg-base-lightest"
              >
                <a
                  class="text-no-underline padding-y-05 text-base-darkest"
                  href="/trb/441cb9e0-2cb3-43ca-b168-9d6a2a13ec91/notes"
                >
                  Notes
                </a>
              </li>
            </ul>
          </nav>
        </div>
        <div
          class="grid-col desktop:grid-col-9"
          data-testid="grid"
        >
          <div
            class="trb-admin-home__request-home"
            data-testid="trb-admin-home__request-home"
            id="trbAdminRequestHome-[object Object]"
          >
            <h1
              class="margin-y-0"
            >
              Request home
            </h1>
          </div>
        </div>
      </div>
    </div>
  </div>
</DocumentFragment>
`;
