// Jest Snapshot v1, https://goo.gl/fbAQLP

exports[`Trb Request form: Check and submit renders request form field values 1`] = `
<DocumentFragment>
  <dl
    class="easi-dl margin-top-4 margin-bottom-3"
  >
    <div
      class="grid-row grid-gap"
      data-testid="grid"
    >
      <div
        class="tablet:grid-col-12 desktop:grid-col-6"
        data-testid="grid"
      >
        <dt>
          Submission date
        </dt>
        <dd>
          January 23, 2023
        </dd>
      </div>
      <div
        class="tablet:grid-col-12 desktop:grid-col-6"
        data-testid="grid"
      >
        <dt>
          Request type
        </dt>
        <dd>
          Iâ€™m having a problem with my system
        </dd>
      </div>
    </div>
  </dl>
  <div
    class="easi-divider"
  />
  <h2
    class="margin-top-3 margin-bottom-05"
  >
    Basic request details
  </h2>
  <div>
    <a
      class="usa-link"
      href="/trb/requests/f3b4cff8-321d-4d2a-a9a2-4b05810756d7/basic"
    >
      Edit this section
    </a>
  </div>
  <dl
    class="easi-dl margin-y-3"
  >
    <div
      class="grid-row grid-gap"
      data-testid="grid"
    >
      <div
        class="tablet:grid-col-12 desktop:grid-col-6"
        data-testid="grid"
      >
        <dt>
          Request name
        </dt>
        <dd>
          Lorem ipsum dolor sit amet, consectetur
        </dd>
      </div>
      <div
        class="tablet:grid-col-12 desktop:grid-col-6"
        data-testid="grid"
      >
        <dt>
          Request component
        </dt>
        <dd>
          CCSQ
        </dd>
      </div>
      <div
        class="grid-col-12"
        data-testid="grid"
      >
        <dt>
          What do you need technical assistance with?
        </dt>
        <dd>
          Lorem ipsum dolor sit amet, consectetur adipiscing elit. Sed maecenas gravida tristique maecenas. Id id ipsum, purus ac ornare. A, ut et et, sollicitudin turpis sit porta. Enim, dictumst eu vulputate et lacus et habitant. Sit quisque gravida condimentum augue erat mauris metus, arcu. Malesuada posuere fames integer sed eu tortor vel. Non scelerisque elementum auctor urna consectetur. Ut eget hendrerit massa pharetra pellentesque dolor risus in. In pellentesque vitae ac porttitor amet lacinia id. Cursus amet tortor posuere pharetra et augue eros, lorem vitae. Sit viverra cursus cras consequat, ut amet.
        </dd>
      </div>
      <div
        class="grid-col-12"
        data-testid="grid"
      >
        <dt>
          Do you have a solution in mind already?
        </dt>
        <dd>
          Yes
        </dd>
        <dt>
          Describe your proposed solution.
        </dt>
        <dd>
          Lorem ipsum dolor sit amet, consectetur adipiscing elit. Sed maecenas gravida tristique maecenas. Id id ipsum, purus ac ornare. A, ut et et, sollicitudin turpis sit porta. Enim, dictumst eu vulputate et lacus et habitant. Sit quisque gravida condimentum augue erat mauris metus, arcu. Malesuada posuere fames integer sed eu tortor vel. Non scelerisque elementum auctor urna consectetur. Ut eget hendrerit massa pharetra pellentesque dolor risus in.
        </dd>
      </div>
      <div
        class="tablet:grid-col-12 desktop:grid-col-6"
        data-testid="grid"
      >
        <dt>
          Where are you in your process?
        </dt>
        <dd>
          Other: A different brainstorm
        </dd>
      </div>
      <div
        class="tablet:grid-col-12 desktop:grid-col-6"
        data-testid="grid"
      >
        <dt>
          Does your solution have an expected start and/or end date?
        </dt>
        <dd>
          Yes, 01/05/2023 expected start  
        </dd>
      </div>
      <div
        class="tablet:grid-col-12"
        data-testid="grid"
      >
        <dt>
          Which existing funding sources will fund this project?
        </dt>
      </div>
      <div
        class="grid-row tablet:grid-col-12 margin-bottom-4"
        data-testid="grid"
      >
        No answer selected
      </div>
      <div
        class="tablet:grid-col-12 desktop:grid-col-6"
        data-testid="grid"
      >
        <dt>
          List any Life Cycle IDs (LCIDs) pertaining to this request.
        </dt>
        <dd>
          No answer selected
        </dd>
      </div>
      <div
        class="desktop:grid-col-12"
        data-testid="grid"
      />
      <div
        class="tablet:grid-col-12 desktop:grid-col-6"
        data-testid="grid"
      >
        <dt>
          Select any other OIT groups that you have met with or collaborated with.
        </dt>
        <dd>
          Security (06/01/2023), Other: Consectetur (Lorem ipsum dolor)
        </dd>
      </div>
      <div
        class="tablet:grid-col-12 desktop:grid-col-6"
        data-testid="grid"
      />
    </div>
  </dl>
  <div
    class="easi-divider"
  />
  <h2
    class="margin-top-3 margin-bottom-05"
  >
    Subject areas
  </h2>
  <div>
    <a
      class="usa-link"
      href="/trb/requests/f3b4cff8-321d-4d2a-a9a2-4b05810756d7/subject"
    >
      Edit this section
    </a>
  </div>
  <div
    class="margin-top-3"
  >
    <span
      class="easi-tag text-base-darker bg-base-lighter margin-bottom-1"
      data-testid="tag"
    >
      Access Control and Identity Management
    </span>
    <span
      class="easi-tag text-base-darker bg-base-lighter margin-bottom-1"
      data-testid="tag"
    >
      Cloud Migration
    </span>
  </div>
  <dl
    class="easi-dl margin-y-3"
  >
    <dt>
      Other subject areas
    </dt>
    <dd>
      A few other subjects
    </dd>
  </dl>
  <div
    class="easi-divider"
  />
  <h2
    class="margin-top-3 margin-bottom-05"
  >
    Attendees
  </h2>
  <div>
    <a
      class="usa-link"
      href="/trb/requests/f3b4cff8-321d-4d2a-a9a2-4b05810756d7/attendees"
    >
      Edit this section
    </a>
  </div>
  <div
    class="margin-top-3 margin-bottom-6"
  >
    <span
      class="font-body-2xs"
    >
      There are no attendees
    </span>
  </div>
  <div
    class="easi-divider"
  />
  <h2
    class="margin-top-3 margin-bottom-05"
  >
    Supporting documents
  </h2>
  <div>
    <a
      class="usa-link"
      href="/trb/requests/f3b4cff8-321d-4d2a-a9a2-4b05810756d7/documents"
    >
      Edit this section
    </a>
  </div>
  <div
    class="margin-top-3 margin-bottom-6"
  >
    <div
      class="text-center"
    >
      <span
        aria-busy="true"
        aria-valuetext="Loading"
        class="easi-spinner easi-spinner--xl"
        role="progressbar"
      />
    </div>
  </div>
  <div
    class="grid-row grid-gap"
    data-testid="grid"
  >
    <div
      class="tablet:grid-col-12 desktop:grid-col-6 margin-top-2 margin-bottom-4"
      data-testid="grid"
    >
      <div
        class="usa-summary-box"
        data-testid="summary-box"
      >
        <div
          class="usa-summary-box__body"
        >
          <h3
            class="usa-summary-box__heading"
          >
            What happens next?
          </h3>
          <div
            class="usa-summary-box__text"
          >
            <div>
              The TRB will review and get back to you with one of these outcomes:
            </div>
            <ul
              class="usa-list margin-y-05"
            >
              <li>
                schedule a consult session
              </li>
              <li>
                direct you to another governance process or team
              </li>
              <li>
                request additional information
              </li>
            </ul>
            <div>
              A TRB team member will get back to you within two business days.
            </div>
          </div>
        </div>
      </div>
    </div>
  </div>
  <div
    class="border-base-light border-top-1px"
  >
    <ul
      class="usa-button-group margin-top-2"
    >
      <li
        class="usa-button-group__item"
      >
        <div
          class="display-flex flex-align-center"
        >
          <button
            class="usa-button usa-button--outline margin-top-0 margin-bottom-1 mobile-lg:margin-bottom-0"
            data-testid="button"
            type="button"
          >
            Back
          </button>
        </div>
      </li>
      <li
        class="usa-button-group__item"
      >
        <div
          class="display-flex flex-align-center"
        >
          <button
            class="usa-button margin-top-0"
            data-testid="button"
            type="submit"
          >
            Submit request
          </button>
        </div>
      </li>
    </ul>
    <button
      class="usa-button usa-button--unstyled margin-top-2 display-flex flex-align-center"
      data-testid="button"
      type="button"
    >
      <svg
        class="usa-icon margin-right-05"
        focusable="false"
        height="1em"
        role="img"
        viewBox="0 0 24 24"
        width="1em"
        xmlns="http://www.w3.org/2000/svg"
      >
        <path
          d="M0 0h24v24H0z"
          fill="none"
        />
        <path
          d="M20 11H7.83l5.59-5.59L12 4l-8 8 8 8 1.41-1.41L7.83 13H20v-2z"
        />
      </svg>
      Save and exit
    </button>
  </div>
</DocumentFragment>
`;
