// Vitest Snapshot v1, https://vitest.dev/guide/snapshot.html

exports[`The Checkbox Field component > renders without crashing 1`] = `
<DocumentFragment>
  <div
    class="easi-checkbox usa-checkbox"
  >
    <input
      class="usa-checkbox__input"
      id="TestTextbox"
      name="Test"
      type="checkbox"
      value="Test"
    />
    <label
      class="usa-checkbox__label"
      for="TestTextbox"
    >
      Test Textbox
    </label>
  </div>
</DocumentFragment>
`;
