// Vitest Snapshot v1, https://vitest.dev/guide/snapshot.html

exports[`SectionWrapper > matches the snapshot 1`] = `
<DocumentFragment>
  <div
    class="easi-section"
    data-testid="section-wrapper"
  />
</DocumentFragment>
`;
