// Vitest Snapshot v1, https://vitest.dev/guide/snapshot.html

exports[`Workspace team page > renders 1`] = `
<DocumentFragment>
  <div
    class="grid-container margin-bottom-10"
    data-testid="gridContainer"
  >
    <h1
      class="margin-bottom-05"
    >
      Manage system team
    </h1>
    <p
      class="margin-top-0 margin-bottom-1 text-darkest font-body-lg line-height-body-5 text-light"
    >
      for Easy Access to System Information
    </p>
    <p
      class="margin-y-1 font-body-md line-height-body-4 text-light"
    >
      Add or remove team members and manage their roles.
    </p>
    <a
      class="usa-link display-flex flex-align-center margin-top-2 margin-bottom-6 line-height-body-4 text-primary"
      href="/systems/000-0000-1/workspace"
    >
      <svg
        class="usa-icon margin-right-1"
        focusable="false"
        height="1em"
        role="img"
        viewBox="0 0 24 24"
        width="1em"
        xmlns="http://www.w3.org/2000/svg"
      >
        <path
          d="M0 0h24v24H0z"
          fill="none"
        />
        <path
          d="M20 11H7.83l5.59-5.59L12 4l-8 8 8 8 1.41-1.41L7.83 13H20v-2z"
        />
      </svg>
      Return to system workspace
    </a>
    <h4
      class="margin-top-5 margin-bottom-1"
    >
      Team members
    </h4>
    <button
      class="usa-button margin-bottom-05"
      data-testid="button"
      type="button"
    >
      Add another team member
    </button>
    <div>
      <form
        class="usa-form usa-search margin-y-3"
        data-testid="table-client-filter"
        role="search"
      >
        <label
          class="usa-sr-only"
          data-testid="label"
          for="workspace-team-table-search"
        >
          Search table
        </label>
        <input
          class="usa-input"
          data-testid="textInput"
          id="workspace-team-table-search"
          name="Team members Search"
          role="searchbox"
          type="search"
          value=""
        />
        <button
          class="usa-button grid-row flex-justify-center flex-align-center no-pointer"
          data-testid="button"
          type="submit"
        >
          <svg
            class="usa-icon usa-icon--size-3"
            focusable="false"
            height="1em"
            role="img"
            viewBox="0 0 24 24"
            width="1em"
            xmlns="http://www.w3.org/2000/svg"
          >
            <path
              d="M0 0h24v24H0z"
              fill="none"
            />
            <path
              d="M15.5 14h-.79l-.28-.27A6.471 6.471 0 0 0 16 9.5 6.5 6.5 0 1 0 9.5 16c1.61 0 3.09-.59 4.23-1.57l.27.28v.79l5 4.99L20.49 19l-4.99-5zm-6 0C7.01 14 5 11.99 5 9.5S7.01 5 9.5 5 14 7.01 14 9.5 11.99 14 9.5 14z"
            />
          </svg>
        </button>
      </form>
      <table
        class="usa-table usa-table--borderless src-components-Table-Table-module__fullwidth--fOyj6"
        data-testid="table"
      >
        <thead>
          <tr
            role="row"
          >
            <th
              aria-sort="none"
              class="border-bottom-2px"
              colspan="1"
              role="columnheader"
              scope="col"
              style="cursor: pointer;"
              title="Toggle SortBy"
            >
              <button
                class="usa-button usa-button--unstyled width-full display-flex"
                data-testid="button"
                style="cursor: pointer;"
                title="Toggle SortBy"
                type="button"
              >
                <div
                  class="flex-fill text-no-wrap"
                >
                  Name
                </div>
                <div
                  class="position-relative width-205 margin-left-05"
                >
                  <svg
                    class="usa-icon margin-left-05 position-absolute"
                    data-testid="caret--sort"
                    focusable="false"
                    height="1em"
                    role="img"
                    viewBox="0 0 24 24"
                    width="1em"
                    xmlns="http://www.w3.org/2000/svg"
                  >
                    <path
                      d="M0 0h24v24H0z"
                      fill="none"
                    />
                    <path
                      d="M12 5.83 15.17 9l1.41-1.41L12 3 7.41 7.59 8.83 9 12 5.83zm0 12.34L8.83 15l-1.41 1.41L12 21l4.59-4.59L15.17 15 12 18.17z"
                    />
                  </svg>
                </div>
              </button>
            </th>
            <th
              aria-sort="descending"
              class="border-bottom-2px"
              colspan="1"
              role="columnheader"
              scope="col"
              style="cursor: pointer;"
              title="Toggle SortBy"
            >
              <button
                class="usa-button usa-button--unstyled width-full display-flex"
                data-testid="button"
                style="cursor: pointer;"
                title="Toggle SortBy"
                type="button"
              >
                <div
                  class="flex-fill text-no-wrap"
                >
                  Role
                </div>
                <div
                  class="position-relative width-205 margin-left-05"
                >
                  <svg
                    class="usa-icon margin-left-05 position-absolute"
                    data-testid="caret--down"
                    focusable="false"
                    height="1em"
                    role="img"
                    viewBox="0 0 24 24"
                    width="1em"
                    xmlns="http://www.w3.org/2000/svg"
                  >
                    <path
                      d="M0 0h24v24H0z"
                      fill="none"
                    />
                    <path
                      d="M16.59 8.59 12 13.17 7.41 8.59 6 10l6 6 6-6z"
                    />
                  </svg>
                </div>
              </button>
            </th>
            <th
              aria-sort="none"
              class="border-bottom-2px"
              colspan="1"
              role="columnheader"
              scope="col"
            >
              <button
                class="usa-button usa-button--unstyled width-full display-flex"
                data-testid="button"
                type="button"
              >
                <div
                  class="flex-fill text-no-wrap"
                >
                  Actions
                </div>
                <div
                  class="position-relative width-205 margin-left-05"
                >
                  <svg
                    class="usa-icon margin-left-05 position-absolute"
                    data-testid="caret--sort"
                    focusable="false"
                    height="1em"
                    role="img"
                    viewBox="0 0 24 24"
                    width="1em"
                    xmlns="http://www.w3.org/2000/svg"
                  >
                    <path
                      d="M0 0h24v24H0z"
                      fill="none"
                    />
                    <path
                      d="M12 5.83 15.17 9l1.41-1.41L12 3 7.41 7.59 8.83 9 12 5.83zm0 12.34L8.83 15l-1.41 1.41L12 21l4.59-4.59L15.17 15 12 18.17z"
                    />
                  </svg>
                </div>
              </button>
            </th>
          </tr>
        </thead>
        <tbody
          role="rowgroup"
        >
          <tr
            role="row"
          >
            <td
              role="cell"
            >
              <div
                class="display-flex flex-align-center"
              >
                <div
                  class="display-flex flex-align-center flex-justify-center minw-4 circle-4 bg-blue-10 "
                  data-testid="avatar--basic"
                >
                  AL
                </div>
                <span
                  class="margin-left-1"
                >
                  Aletha Leannon
                </span>
              </div>
            </td>
            <td
              role="cell"
            >
              Business Owner
            </td>
            <td
              role="cell"
            >
              <div
                class="text-no-wrap"
              >
                <a
                  class="usa-link text-primary"
                  href="/systems/000-0000-1/team/edit/team-member?workspace"
                >
                  Edit roles
                </a>
                <button
                  class="usa-button usa-button--unstyled margin-left-1 text-error"
                  data-testid="button"
                  type="button"
                >
                  Remove
                </button>
              </div>
            </td>
          </tr>
          <tr
            role="row"
          >
            <td
              role="cell"
            >
              <div
                class="display-flex flex-align-center"
              >
                <div
                  class="display-flex flex-align-center flex-justify-center minw-4 circle-4 bg-orange-warm-10 "
                  data-testid="avatar--basic"
                >
                  EH
                </div>
                <span
                  class="margin-left-1"
                >
                  Elbert Huel
                </span>
              </div>
            </td>
            <td
              role="cell"
            >
              Business Owner, ISSO, API Contact, Budget Analyst, Support Staff
            </td>
            <td
              role="cell"
            >
              <div
                class="text-no-wrap"
              >
                <a
                  class="usa-link text-primary"
                  href="/systems/000-0000-1/team/edit/team-member?workspace"
                >
                  Edit roles
                </a>
                <button
                  class="usa-button usa-button--unstyled margin-left-1 text-error"
                  data-testid="button"
                  type="button"
                >
                  Remove
                </button>
              </div>
            </td>
          </tr>
          <tr
            role="row"
          >
            <td
              role="cell"
            >
              <div
                class="display-flex flex-align-center"
              >
                <div
                  class="display-flex flex-align-center flex-justify-center minw-4 circle-4 bg-green-5 "
                  data-testid="avatar--basic"
                >
                  VD
                </div>
                <span
                  class="margin-left-1"
                >
                  Vickie Denesik
                </span>
              </div>
            </td>
            <td
              role="cell"
            >
              Business Owner, Subject Matter Expert (SME)
            </td>
            <td
              role="cell"
            >
              <div
                class="text-no-wrap"
              >
                <a
                  class="usa-link text-primary"
                  href="/systems/000-0000-1/team/edit/team-member?workspace"
                >
                  Edit roles
                </a>
                <button
                  class="usa-button usa-button--unstyled margin-left-1 text-error"
                  data-testid="button"
                  type="button"
                >
                  Remove
                </button>
              </div>
            </td>
          </tr>
          <tr
            role="row"
          >
            <td
              role="cell"
            >
              <div
                class="display-flex flex-align-center"
              >
                <div
                  class="display-flex flex-align-center flex-justify-center minw-4 circle-4 bg-yellow-5 "
                  data-testid="avatar--basic"
                >
                  MS
                </div>
                <span
                  class="margin-left-1"
                >
                  Mariam Schaden
                </span>
              </div>
            </td>
            <td
              role="cell"
            >
              Project Lead, Business Question Contact
            </td>
            <td
              role="cell"
            >
              <div
                class="text-no-wrap"
              >
                <a
                  class="usa-link text-primary"
                  href="/systems/000-0000-1/team/edit/team-member?workspace"
                >
                  Edit roles
                </a>
                <button
                  class="usa-button usa-button--unstyled margin-left-1 text-error"
                  data-testid="button"
                  type="button"
                >
                  Remove
                </button>
              </div>
            </td>
          </tr>
          <tr
            role="row"
          >
            <td
              role="cell"
            >
              <div
                class="display-flex flex-align-center"
              >
                <div
                  class="display-flex flex-align-center flex-justify-center minw-4 circle-4 bg-blue-10 "
                  data-testid="avatar--basic"
                >
                  SB
                </div>
                <span
                  class="margin-left-1"
                >
                  Sasha Barrows
                </span>
              </div>
            </td>
            <td
              role="cell"
            >
              Project Lead, Contracting Officer's Representative (COR), Budget Analyst, System Maintainer, AI Contact
            </td>
            <td
              role="cell"
            >
              <div
                class="text-no-wrap"
              >
                <a
                  class="usa-link text-primary"
                  href="/systems/000-0000-1/team/edit/team-member?workspace"
                >
                  Edit roles
                </a>
                <button
                  class="usa-button usa-button--unstyled margin-left-1 text-error"
                  data-testid="button"
                  type="button"
                >
                  Remove
                </button>
              </div>
            </td>
          </tr>
          <tr
            role="row"
          >
            <td
              role="cell"
            >
              <div
                class="display-flex flex-align-center"
              >
                <div
                  class="display-flex flex-align-center flex-justify-center minw-4 circle-4 bg-green-5 "
                  data-testid="avatar--basic"
                >
                  EG
                </div>
                <span
                  class="margin-left-1"
                >
                  Eliezer Grant
                </span>
              </div>
            </td>
            <td
              role="cell"
            >
              Government Task Lead (GTL), Contracting Officer's Representative (COR)
            </td>
            <td
              role="cell"
            >
              <div
                class="text-no-wrap"
              >
                <a
                  class="usa-link text-primary"
                  href="/systems/000-0000-1/team/edit/team-member?workspace"
                >
                  Edit roles
                </a>
                <button
                  class="usa-button usa-button--unstyled margin-left-1 text-error"
                  data-testid="button"
                  type="button"
                >
                  Remove
                </button>
              </div>
            </td>
          </tr>
          <tr
            role="row"
          >
            <td
              role="cell"
            >
              <div
                class="display-flex flex-align-center"
              >
                <div
                  class="display-flex flex-align-center flex-justify-center minw-4 circle-4 bg-yellow-5 "
                  data-testid="avatar--basic"
                >
                  JS
                </div>
                <span
                  class="margin-left-1"
                >
                  Jefferey Schmidt
                </span>
              </div>
            </td>
            <td
              role="cell"
            >
              Contracting Officer's Representative (COR)
            </td>
            <td
              role="cell"
            >
              <div
                class="text-no-wrap"
              >
                <a
                  class="usa-link text-primary"
                  href="/systems/000-0000-1/team/edit/team-member?workspace"
                >
                  Edit roles
                </a>
                <button
                  class="usa-button usa-button--unstyled margin-left-1 text-error"
                  data-testid="button"
                  type="button"
                >
                  Remove
                </button>
              </div>
            </td>
          </tr>
          <tr
            role="row"
          >
            <td
              role="cell"
            >
              <div
                class="display-flex flex-align-center"
              >
                <div
                  class="display-flex flex-align-center flex-justify-center minw-4 circle-4 bg-green-5 "
                  data-testid="avatar--basic"
                >
                  KT
                </div>
                <span
                  class="margin-left-1"
                >
                  King Tromp
                </span>
              </div>
            </td>
            <td
              role="cell"
            >
              Contracting Officer's Representative (COR), Subject Matter Expert (SME), Support Staff
            </td>
            <td
              role="cell"
            >
              <div
                class="text-no-wrap"
              >
                <a
                  class="usa-link text-primary"
                  href="/systems/000-0000-1/team/edit/team-member?workspace"
                >
                  Edit roles
                </a>
                <button
                  class="usa-button usa-button--unstyled margin-left-1 text-error"
                  data-testid="button"
                  type="button"
                >
                  Remove
                </button>
              </div>
            </td>
          </tr>
          <tr
            role="row"
          >
            <td
              role="cell"
            >
              <div
                class="display-flex flex-align-center"
              >
                <div
                  class="display-flex flex-align-center flex-justify-center minw-4 circle-4 bg-red-cool-10 "
                  data-testid="avatar--basic"
                >
                  AW
                </div>
                <span
                  class="margin-left-1"
                >
                  Abner Waelchi
                </span>
              </div>
            </td>
            <td
              role="cell"
            >
              Technical System Issues Contact
            </td>
            <td
              role="cell"
            >
              <div
                class="text-no-wrap"
              >
                <a
                  class="usa-link text-primary"
                  href="/systems/000-0000-1/team/edit/team-member?workspace"
                >
                  Edit roles
                </a>
                <button
                  class="usa-button usa-button--unstyled margin-left-1 text-error"
                  data-testid="button"
                  type="button"
                >
                  Remove
                </button>
              </div>
            </td>
          </tr>
          <tr
            role="row"
          >
            <td
              role="cell"
            >
              <div
                class="display-flex flex-align-center"
              >
                <div
                  class="display-flex flex-align-center flex-justify-center minw-4 circle-4 bg-yellow-5 "
                  data-testid="avatar--basic"
                >
                  FB
                </div>
                <span
                  class="margin-left-1"
                >
                  Forest Brown
                </span>
              </div>
            </td>
            <td
              role="cell"
            >
              Data Center Contact
            </td>
            <td
              role="cell"
            >
              <div
                class="text-no-wrap"
              >
                <a
                  class="usa-link text-primary"
                  href="/systems/000-0000-1/team/edit/team-member?workspace"
                >
                  Edit roles
                </a>
                <button
                  class="usa-button usa-button--unstyled margin-left-1 text-error"
                  data-testid="button"
                  type="button"
                >
                  Remove
                </button>
              </div>
            </td>
          </tr>
        </tbody>
      </table>
      <div
        class="grid-row grid-gap grid-gap-lg"
      >
        <nav
          aria-label="Pagination"
          class="usa-pagination padding-bottom-1 desktop:grid-col-fill flex-justify-start margin-left-neg-1 desktop:padding-bottom-0 desktop:margin-bottom-0"
          data-testid="table-pagination"
        >
          <ul
            class="usa-pagination__list"
          >
            <li
              class="usa-pagination__item usa-pagination__page-no"
            >
              <div>
                <div
                  class="usa-pagination__item"
                >
                  <button
                    aria-label="Page 1"
                    class="usa-pagination__button usa-current"
                    type="button"
                  >
                    1
                  </button>
                </div>
              </div>
              <div>
                <div
                  class="usa-pagination__item"
                >
                  <button
                    aria-label="Page 2"
                    class="usa-pagination__button"
                    type="button"
                  >
                    2
                  </button>
                </div>
              </div>
            </li>
            <li
              class="usa-pagination__item usa-pagination__arrow"
            >
              <button
                aria-label="Next page"
                class="usa-pagination__link usa-pagination__previous-page"
                type="button"
              >
                <span
                  class="usa-pagination__link-text"
                >
                  Next &gt;
                </span>
              </button>
            </li>
          </ul>
        </nav>
        <div
          class="desktop:margin-top-2 desktop:grid-col-auto"
        >
          <select
            class="usa-select margin-top-0 width-auto"
            data-testid="table-page-size"
            id="table-page-size"
            name="tablePageSize"
          >
            <option
              value="5"
            >
              Show 5
            </option>
            <option
              value="10"
            >
              Show 10
            </option>
            <option
              value="25"
            >
              Show 25
            </option>
            <option
              value="50"
            >
              Show 50
            </option>
            <option
              value="100"
            >
              Show 100
            </option>
          </select>
        </div>
      </div>
    </div>
  </div>
</DocumentFragment>
`;
