// Vitest Snapshot v1, https://vitest.dev/guide/snapshot.html

exports[`The Page Number component > matches snapshot 1`] = `
<DocumentFragment>
  <div
    class="easi-page-number test-class-name"
  >
    <span
      class="easi-page-number__page-num"
    >
      Page 2 of 10
    </span>
  </div>
</DocumentFragment>
`;
