// Jest Snapshot v1, https://goo.gl/fbAQLP

exports[`All help articles matches the snapshot 1`] = `
<DocumentFragment>
  <main
    class="easi-main-content grid-container margin-bottom-10"
    id="main-content"
    role="main"
    tabindex="-1"
  >
    <button
      class="usa-button usa-button--unstyled margin-top-6"
      data-testid="button"
      type="button"
    >
      <svg
        class="usa-icon margin-right-05 margin-top-3px text-tbottom"
        focusable="false"
        height="1em"
        role="img"
        viewBox="0 0 24 24"
        width="1em"
        xmlns="http://www.w3.org/2000/svg"
      >
        <path
          d="M0 0h24v24H0z"
          fill="none"
        />
        <path
          d="M20 11H7.83l5.59-5.59L12 4l-8 8 8 8 1.41-1.41L7.83 13H20v-2z"
        />
      </svg>
      Back
    </button>
    <div
      class="help-page-intro margin-bottom-4"
    >
      <h1
        aria-live="polite"
        class="easi-h1 margin-bottom-0 margin-top-3"
        tabindex="-1"
      >
        All help articles
      </h1>
    </div>
    <ul
      class="usa-card-group margin-y-2"
      data-testid="CardGroup"
    >
      <li
        class="usa-card desktop:grid-col-4 article article-card--isLink"
        data-testid="article-card"
      >
        <div
          class="usa-card__container radius-md shadow-2 minh-mobile"
        >
          <header
            class="usa-card__header padding-x-3 padding-top-3"
            data-testid="CardHeader"
          >
            <h3
              class="line-height-body-4 margin-bottom-1"
            >
              Prepare for the Governance Review Team meeting
            </h3>
            <a
              class="usa-link display-inline-block margin-bottom-1"
              href="/help/it-governance"
            >
              <span
                class="easi-tag system-profile__tag text-primary-dark bg-primary-lighter padding-bottom-1"
                data-testid="tag"
              >
                IT Governance
              </span>
            </a>
          </header>
          <div
            class="usa-card__body padding-top-0 article__body"
            data-testid="CardBody"
          >
            <p>
              Learn what you need in order to be successful, including what to expect during and after the meeting, what to prepare for, and what to bring to the meeting.
            </p>
          </div>
          <div
            class="usa-card__footer padding-top-2 article__footer"
            data-testid="CardFooter"
          >
            <a
              class="usa-link easi-request__button-link padding-x-2"
              href="/"
            >
              Read
            </a>
          </div>
        </div>
      </li>
      <li
        class="usa-card desktop:grid-col-4 article article-card--isLink"
        data-testid="article-card"
      >
        <div
          class="usa-card__container radius-md shadow-2 minh-mobile"
        >
          <header
            class="usa-card__header padding-x-3 padding-top-3"
            data-testid="CardHeader"
          >
            <h3
              class="line-height-body-4 margin-bottom-1"
            >
              Prepare for the Review Board meeting
            </h3>
            <a
              class="usa-link display-inline-block margin-bottom-1"
              href="/help/it-governance"
            >
              <span
                class="easi-tag system-profile__tag text-primary-dark bg-primary-lighter padding-bottom-1"
                data-testid="tag"
              >
                IT Governance
              </span>
            </a>
          </header>
          <div
            class="usa-card__body padding-top-0 article__body"
            data-testid="CardBody"
          >
            <p>
              Learn what you need in order to be successful, including what to expect during and after the meeting, what to prepare for, and what to bring to the meeting.
            </p>
          </div>
          <div
            class="usa-card__footer padding-top-2 article__footer"
            data-testid="CardFooter"
          >
            <a
              class="usa-link easi-request__button-link padding-x-2"
              href="/"
            >
              Read
            </a>
          </div>
        </div>
      </li>
      <li
        class="usa-card desktop:grid-col-4 article article-card--isLink"
        data-testid="article-card"
      >
        <div
          class="usa-card__container radius-md shadow-2 minh-mobile"
        >
          <header
            class="usa-card__header padding-x-3 padding-top-3"
            data-testid="CardHeader"
          >
            <h3
              class="line-height-body-4 margin-bottom-1"
            >
              Sample Business Case
            </h3>
            <a
              class="usa-link display-inline-block margin-bottom-1"
              href="/help/it-governance"
            >
              <span
                class="easi-tag system-profile__tag text-primary-dark bg-primary-lighter padding-bottom-1"
                data-testid="tag"
              >
                IT Governance
              </span>
            </a>
          </header>
          <div
            class="usa-card__body padding-top-0 article__body"
            data-testid="CardBody"
          >
            <p>
              This sample Business Case can help you as you fill out your own Business Case. The content here is an example of how complete and precise to be when completing your Business Case.
            </p>
          </div>
          <div
            class="usa-card__footer padding-top-2 article__footer"
            data-testid="CardFooter"
          >
            <a
              class="usa-link easi-request__button-link padding-x-2"
              href="/"
            >
              Read
            </a>
          </div>
        </div>
      </li>
      <li
        class="usa-card desktop:grid-col-4 article article-card--isLink"
        data-testid="article-card"
      >
        <div
          class="usa-card__container radius-md shadow-2 minh-mobile"
        >
          <header
            class="usa-card__header padding-x-3 padding-top-3"
            data-testid="CardHeader"
          >
            <h3
              class="line-height-body-4 margin-bottom-1"
            >
              Steps involved in adding a new system or service
            </h3>
            <a
              class="usa-link display-inline-block margin-bottom-1"
              href="/help/it-governance"
            >
              <span
                class="easi-tag system-profile__tag text-primary-dark bg-primary-lighter padding-bottom-1"
                data-testid="tag"
              >
                IT Governance
              </span>
            </a>
          </header>
          <div
            class="usa-card__body padding-top-0 article__body"
            data-testid="CardBody"
          >
            <p>
              To add a new system or service and receive a CMS Lifecycle ID, you need to go through a set of steps and get approved by the Governance Review Board (GRB). This article will provide an overview of the steps involved.
            </p>
          </div>
          <div
            class="usa-card__footer padding-top-2 article__footer"
            data-testid="CardFooter"
          >
            <a
              class="usa-link easi-request__button-link padding-x-2"
              href="/"
            >
              Read
            </a>
          </div>
        </div>
      </li>
      <li
        class="usa-card desktop:grid-col-4 article article-card--isLink"
        data-testid="article-card"
      >
        <div
          class="usa-card__container radius-md shadow-2 minh-mobile"
        >
          <header
            class="usa-card__header padding-x-3 padding-top-3"
            data-testid="CardHeader"
          >
            <h3
              class="line-height-body-4 margin-bottom-1"
            >
              Steps involved for 508 Testing
            </h3>
            <a
              class="usa-link display-inline-block margin-bottom-1"
              href="/help/section-508"
            >
              <span
                class="easi-tag system-profile__tag text-primary-dark bg-primary-lighter padding-bottom-1"
                data-testid="tag"
              >
                Section 508
              </span>
            </a>
          </header>
          <div
            class="usa-card__body padding-top-0 article__body"
            data-testid="CardBody"
          >
            <p>
              This is an overview of the process for completing 508 testing for your system.
            </p>
          </div>
          <div
            class="usa-card__footer padding-top-2 article__footer"
            data-testid="CardFooter"
          >
            <a
              class="usa-link easi-request__button-link padding-x-2"
              href="/"
            >
              Read
            </a>
          </div>
        </div>
      </li>
      <li
        class="usa-card desktop:grid-col-4 article article-card--isLink"
        data-testid="article-card"
      >
        <div
          class="usa-card__container radius-md shadow-2 minh-mobile"
        >
          <header
            class="usa-card__header padding-x-3 padding-top-3"
            data-testid="CardHeader"
          >
            <h3
              class="line-height-body-4 margin-bottom-1"
            >
              Templates for 508 Testing
            </h3>
            <a
              class="usa-link display-inline-block margin-bottom-1"
              href="/help/section-508"
            >
              <span
                class="easi-tag system-profile__tag text-primary-dark bg-primary-lighter padding-bottom-1"
                data-testid="tag"
              >
                Section 508
              </span>
            </a>
          </header>
          <div
            class="usa-card__body padding-top-0 article__body"
            data-testid="CardBody"
          >
            <p>
              Download and fill out these templates as needed to complete 508 testing for your system
            </p>
          </div>
          <div
            class="usa-card__footer padding-top-2 article__footer"
            data-testid="CardFooter"
          >
            <a
              class="usa-link easi-request__button-link padding-x-2"
              href="/"
            >
              Read
            </a>
          </div>
        </div>
      </li>
      <li
        class="usa-card desktop:grid-col-4 article article-card--isLink"
        data-testid="article-card"
      >
        <div
          class="usa-card__container radius-md shadow-2 minh-mobile"
        >
          <header
            class="usa-card__header padding-x-3 padding-top-3"
            data-testid="CardHeader"
          >
            <h3
              class="line-height-body-4 margin-bottom-1"
            >
              Prepare for your TRB consult meeting
            </h3>
            <a
              class="usa-link display-inline-block margin-bottom-1"
              href="/help/trb"
            >
              <span
                class="easi-tag system-profile__tag text-primary-dark bg-primary-lighter padding-bottom-1"
                data-testid="tag"
              >
                Technical Review Board
              </span>
            </a>
          </header>
          <div
            class="usa-card__body padding-top-0 article__body"
            data-testid="CardBody"
          >
            <p>
              Learn what to expect during and after the meeting, including what to prepare for and what to bring.
            </p>
          </div>
          <div
            class="usa-card__footer padding-top-2 article__footer"
            data-testid="CardFooter"
          >
            <a
              class="usa-link easi-request__button-link padding-x-2"
              href="/"
            >
              Read
            </a>
          </div>
        </div>
      </li>
      <li
        class="usa-card desktop:grid-col-4 article article-card--isLink"
        data-testid="article-card"
      >
        <div
          class="usa-card__container radius-md shadow-2 minh-mobile"
        >
          <header
            class="usa-card__header padding-x-3 padding-top-3"
            data-testid="CardHeader"
          >
            <h3
              class="line-height-body-4 margin-bottom-1"
            >
              Steps involved in getting technical assistance from the TRB
            </h3>
            <a
              class="usa-link display-inline-block margin-bottom-1"
              href="/help/trb"
            >
              <span
                class="easi-tag system-profile__tag text-primary-dark bg-primary-lighter padding-bottom-1"
                data-testid="tag"
              >
                Technical Review Board
              </span>
            </a>
          </header>
          <div
            class="usa-card__body padding-top-0 article__body"
            data-testid="CardBody"
          >
            <p>
              The CMS Technical Review Board (TRB) is a technical assistance resource for project teams across the agency at all stages of their system’s life cycle. It offers consultations and reviews on an ongoing or one-off basis, allowing project teams to consult with a cross-functional team of technical advisors. It also guides project teams on adhering to CMS technical standards and leveraging existing technologies.
            </p>
          </div>
          <div
            class="usa-card__footer padding-top-2 article__footer"
            data-testid="CardFooter"
          >
            <a
              class="usa-link easi-request__button-link padding-x-2"
              href="/"
            >
              Read
            </a>
          </div>
        </div>
      </li>
    </ul>
  </main>
</DocumentFragment>
`;
