// Vitest Snapshot v1, https://vitest.dev/guide/snapshot.html

exports[`System Profile parent request > matches snapshot 1`] = `
<DocumentFragment>
  <main
    class="easi-main-content"
    id="main-content"
    role="main"
    tabindex="-1"
  >
    <div
      id="system-profile"
    >
      <div
        class="usa-summary-box padding-0 border-0 radius-0 bg-primary-lighter"
        data-testid="summary-box"
      >
        <div
          class="usa-summary-box__body"
        >
          <h3
            class="usa-summary-box__heading"
          />
          <div
            class="usa-summary-box__text"
          >
            <div
              class="padding-top-3 padding-bottom-3 margin-top-neg-1 height-full"
            >
              <div
                class="grid-container"
                data-testid="grid"
              >
                <nav
                  aria-label="Breadcrumbs"
                  class="usa-breadcrumb usa-breadcrumb--wrap bg-transparent padding-0"
                >
                  <ol
                    class="usa-breadcrumb__list"
                  >
                    <li
                      class="usa-breadcrumb__list-item"
                    >
                      <span>
                        ← 
                      </span>
                      <a
                        class="usa-breadcrumb__link"
                        href="/systems"
                      >
                        <span>
                          Back to All systems
                        </span>
                      </a>
                    </li>
                  </ol>
                </nav>
                <h1
                  aria-live="polite"
                  class="easi-h1 margin-top-2"
                  tabindex="-1"
                >
                  <svg
                    class="usa-icon usa-icon--size-4 text-primary"
                    focusable="false"
                    height="1em"
                    role="img"
                    viewBox="0 0 24 24"
                    width="1em"
                    xmlns="http://www.w3.org/2000/svg"
                  >
                    <path
                      d="M0 0h24v24H0z"
                      fill="none"
                    />
                    <path
                      d="M17 3H7c-1.1 0-1.99.9-1.99 2L5 21l7-3 7 3V5c0-1.1-.9-2-2-2z"
                    />
                  </svg>
                   
                  <span>
                    CMS.gov 
                  </span>
                  <span
                    class="text-normal font-body-sm"
                  >
                    (cms.hhs.gov)
                  </span>
                  <div
                    class="text-normal font-body-md"
                  >
                    <div
                      class="easi-collapsable-link"
                    >
                      <div
                        class="easi-collapsable-link__content-no-bar"
                        id="single-system-profile"
                      >
                        <div
                          class="description-truncated margin-bottom-2"
                        >
                          <dd
                            class="description-definition margin-0 font-body-lg line-height-body-5 text-light"
                          >
                            CMS.gov provides the public and professionals the ability to access information regarding the CMS programs. CMS.gov website mission is to provide clear, accurate, and timely information about CMS programs to the entire health care community to improve quality and efficiency in an evolving health care system. CMS.gov website is a combination of static content and general content applications.  Core Function: * Information dissemination
                          </dd>
                        </div>
                        <a
                          aria-label="Open system external link"
                          class="usa-link usa-link--external line-height-body-5"
                          href="https://cms.gov"
                          target="_blank"
                        >
                          View CMS.gov
                          <span
                            aria-hidden="true"
                          >
                             
                          </span>
                        </a>
                        <div
                          class="grid-row margin-top-3"
                          data-testid="grid"
                        >
                          <div
                            class="desktop:grid-col-6 margin-bottom-2"
                            data-testid="grid"
                          >
                            <dd
                              class="description-definition margin-0"
                            >
                              CMS Component
                            </dd>
                            <dt
                              class="text-bold margin-bottom-05 font-body-md"
                            >
                              Web and Emerging Technologies Group
                            </dt>
                          </div>
                          <div
                            class="desktop:grid-col-6 margin-bottom-2"
                            data-testid="grid"
                          >
                            <dd
                              class="description-definition margin-0"
                            >
                              Business Owner
                            </dd>
                            <dt
                              class="text-bold margin-bottom-05 font-body-md"
                            >
                              Audrey Abrams
                            </dt>
                          </div>
                        </div>
                      </div>
                      <button
                        aria-controls="single-system-profile"
                        aria-expanded="true"
                        class="usa-button usa-button--unstyled display-flex flex-align-center text-bold margin-top-3"
                        data-testid="collapsable-link"
                        type="button"
                      >
                        <svg
                          class="usa-icon easi-collapsable-link__eye-icon"
                          focusable="false"
                          height="1em"
                          role="img"
                          viewBox="0 0 24 24"
                          width="1em"
                          xmlns="http://www.w3.org/2000/svg"
                        >
                          <path
                            d="M0 0h24v24H0zm0 0h24v24H0zm0 0h24v24H0zm0 0h24v24H0z"
                            fill="none"
                          />
                          <path
                            d="M12 7c2.76 0 5 2.24 5 5 0 .65-.13 1.26-.36 1.83l2.92 2.92c1.51-1.26 2.7-2.89 3.43-4.75-1.73-4.39-6-7.5-11-7.5-1.4 0-2.74.25-3.98.7l2.16 2.16C10.74 7.13 11.35 7 12 7zM2 4.27l2.28 2.28.46.46A11.804 11.804 0 0 0 1 12c1.73 4.39 6 7.5 11 7.5 1.55 0 3.03-.3 4.38-.84l.42.42L19.73 22 21 20.73 3.27 3 2 4.27zM7.53 9.8l1.55 1.55c-.05.21-.08.43-.08.65 0 1.66 1.34 3 3 3 .22 0 .44-.03.65-.08l1.55 1.55c-.67.33-1.41.53-2.2.53-2.76 0-5-2.24-5-5 0-.79.2-1.53.53-2.2zm4.31-.78 3.15 3.15.02-.16c0-1.66-1.34-3-3-3l-.17.01z"
                          />
                        </svg>
                        Hide system summary
                      </button>
                    </div>
                  </div>
                </h1>
              </div>
            </div>
          </div>
        </div>
      </div>
      <div
        class="system-detail__subNav-accordion"
      >
        <button
          aria-controls="system-detail__subNav"
          aria-expanded="false"
          class="usa-menu-btn easi-header__basic width-full"
          type="button"
        >
          <h3
            class="padding-left-1"
          >
            System Home
          </h3>
          <svg
            class="usa-icon usa-icon--size-3"
            focusable="false"
            height="1em"
            role="img"
            viewBox="0 0 24 24"
            width="1em"
            xmlns="http://www.w3.org/2000/svg"
          >
            <path
              d="M0 0h24v24H0z"
              fill="none"
            />
            <path
              d="M16.59 8.59 12 13.17 7.41 8.59 6 10l6 6 6-6z"
            />
          </svg>
        </button>
      </div>
      <div
        class="easi-section margin-bottom-5"
        data-testid="section-wrapper"
      >
        <div
          class="grid-container"
          data-testid="gridContainer"
        >
          <div
            class="grid-row grid-gap"
            data-testid="grid"
          >
            <div
              class="desktop:grid-col-3 padding-right-4 sticky side-nav"
              data-testid="grid"
            >
              <ul
                class="usa-sidenav"
                data-testid="sidenav"
              >
                <li
                  class="usa-sidenav__item"
                >
                  <a
                    aria-current="page"
                    class="nav-group-border usa-current"
                    href="/systems/000-100-0/home"
                  >
                    System Home
                  </a>
                </li>
                <li
                  class="usa-sidenav__item"
                >
                  <a
                    class=""
                    href="/systems/000-100-0/details"
                  >
                    Implementation details
                  </a>
                </li>
                <li
                  class="usa-sidenav__item"
                >
                  <a
                    class="nav-group-border"
                    href="/systems/000-100-0/team"
                  >
                    Team
                  </a>
                </li>
                <li
                  class="usa-sidenav__item"
                >
                  <a
                    class=""
                    href="/systems/000-100-0/ato"
                  >
                    ATO
                  </a>
                </li>
                <li
                  class="usa-sidenav__item"
                >
                  <a
                    class=""
                    href="/systems/000-100-0/funding-and-budget"
                  >
                    Funding and Budget
                  </a>
                </li>
                <li
                  class="usa-sidenav__item"
                >
                  <a
                    class=""
                    href="/systems/000-100-0/tools-and-software"
                  >
                    Tools and Software
                  </a>
                </li>
                <li
                  class="usa-sidenav__item"
                >
                  <a
                    class="nav-group-border"
                    href="/systems/000-100-0/sub-systems"
                  >
                    Sub-systems
                  </a>
                </li>
              </ul>
            </div>
            <div
              class="desktop:grid-col-9"
              data-testid="grid"
            >
              <div
                id="system-detail"
              >
                <div
                  class="grid-container padding-left-0 padding-right-0"
                  data-testid="gridContainer"
                >
                  <div
                    class="grid-row grid-gap"
                    data-testid="grid"
                  >
                    <div
                      class="desktop:grid-col-8 padding-top-3"
                      data-testid="grid"
                    >
                      <div
                        class="easi-section padding-bottom-4 margin-bottom-4"
                        data-testid="section-wrapper"
                      >
                        <ul
                          class="usa-card-group margin-0"
                          data-testid="CardGroup"
                        >
                          <li
                            class="usa-card grid-col-12"
                            data-testid="Card"
                          >
                            <div
                              class="usa-card__container"
                            >
                              <header
                                class="usa-card__header easi-header__basic padding-2 padding-bottom-0 text-top"
                                data-testid="CardHeader"
                              >
                                <div
                                  class="grid-row"
                                  data-testid="grid"
                                >
                                  <div
                                    class="desktop:grid-col-12 padding-0"
                                    data-testid="grid"
                                  >
                                    <dt>
                                      Production environment
                                    </dt>
                                  </div>
                                </div>
                              </header>
                              <div
                                class="usa-card__body padding-x-2 padding-y-0"
                                data-testid="CardBody"
                              >
                                <div
                                  class="grid-row"
                                  data-testid="grid"
                                >
                                  <div
                                    class="desktop:grid-col-12 padding-0"
                                    data-testid="grid"
                                  >
                                    <h3
                                      class="link-header margin-top-0 margin-bottom-2"
                                    >
                                      <a
                                        class="usa-link usa-link--external link-header url-card-link"
                                        href="https://cms.gov"
                                        target="_blank"
                                      >
                                        https://cms.gov
                                      </a>
                                    </h3>
                                    <div
                                      class="margin-bottom-2"
                                    >
                                      <a
                                        class="usa-link link-header"
                                        href="/systems/000-100-0/details"
                                      >
                                        View URLs
                                        <span
                                          aria-hidden="true"
                                        >
                                           
                                        </span>
                                        <span
                                          aria-hidden="true"
                                        >
                                          → 
                                        </span>
                                      </a>
                                    </div>
                                  </div>
                                </div>
                                <div
                                  class="easi-divider"
                                />
                              </div>
                              <div
                                class="usa-card__footer padding-0"
                                data-testid="CardFooter"
                              >
                                <div
                                  class="grid-row"
                                  data-testid="grid"
                                >
                                  <div
                                    class="padding-2"
                                    data-testid="grid"
                                  >
                                    <dt
                                      class="text-bold margin-bottom-05"
                                    >
                                      Location or cloud service provider name
                                    </dt>
                                    <dd
                                      class="description-definition margin-0 line-height-body-3"
                                    >
                                      AWS US East/West
                                    </dd>
                                  </div>
                                </div>
                              </div>
                            </div>
                          </li>
                          <li
                            class="usa-card grid-col-12"
                            data-testid="Card"
                          >
                            <div
                              class="usa-card__container"
                            >
                              <header
                                class="usa-card__header easi-header__basic padding-2 padding-bottom-0 text-top"
                                data-testid="CardHeader"
                              >
                                <dt>
                                  ATO Expiration
                                </dt>
                                <div
                                  class="text-right margin-bottom-0"
                                >
                                  <span
                                    class="easi-tag grid-col-12 bg-error-dark text-white"
                                    data-testid="tag"
                                  >
                                    Expired
                                  </span>
                                </div>
                              </header>
                              <div
                                class="usa-card__body padding-x-2 padding-y-0"
                                data-testid="CardBody"
                              >
                                <div
                                  class="grid-row"
                                  data-testid="grid"
                                >
                                  <div
                                    class="desktop:grid-col-12 padding-0"
                                    data-testid="grid"
                                  >
                                    <h3
                                      class="link-header margin-top-0 margin-bottom-2"
                                    >
                                      July 30, 2022
                                    </h3>
                                    <div
                                      class="margin-bottom-2"
                                    >
                                      <a
                                        class="usa-link link-header"
                                        href="/systems/000-100-0/ato"
                                      >
                                        View ATO information
                                        <span
                                          aria-hidden="true"
                                        >
                                           
                                        </span>
                                        <span
                                          aria-hidden="true"
                                        >
                                          → 
                                        </span>
                                      </a>
                                    </div>
                                  </div>
                                </div>
                                <div
                                  class="easi-divider"
                                />
                              </div>
                              <div
                                class="usa-card__footer padding-0"
                                data-testid="CardFooter"
                              >
                                <div
                                  class="grid-row"
                                  data-testid="grid"
                                >
                                  <div
                                    class="desktop:grid-col-6 padding-2"
                                    data-testid="grid"
                                  >
                                    <dt
                                      class="text-bold margin-bottom-05"
                                    >
                                      Total POAMs
                                    </dt>
                                    <dd
                                      class="description-definition margin-0 line-height-body-3"
                                    >
                                      7
                                    </dd>
                                  </div>
                                </div>
                              </div>
                            </div>
                          </li>
                          <li
                            class="usa-card grid-col-12"
                            data-testid="Card"
                          >
                            <div
                              class="usa-card__container"
                            >
                              <header
                                class="usa-card__header easi-header__basic padding-2 padding-bottom-0 text-top"
                                data-testid="CardHeader"
                              >
                                <div
                                  class="grid-row"
                                  data-testid="grid"
                                >
                                  <div
                                    class="desktop:grid-col-12 padding-0"
                                    data-testid="grid"
                                  >
                                    <dt>
                                      Total Full Time Employees (FTE)
                                    </dt>
                                  </div>
                                </div>
                              </header>
                              <div
                                class="usa-card__body padding-x-2 padding-y-0"
                                data-testid="CardBody"
                              >
                                <div
                                  class="grid-row"
                                  data-testid="grid"
                                >
                                  <div
                                    class="desktop:grid-col-12 padding-0"
                                    data-testid="grid"
                                  >
                                    <h3
                                      class="link-header margin-top-0 margin-bottom-2"
                                    >
                                      24
                                    </h3>
                                    <a
                                      class="usa-link link-header"
                                      href="/systems/000-100-0/team"
                                    >
                                      View more Team and Contract information
                                      <span
                                        aria-hidden="true"
                                      >
                                         
                                      </span>
                                      <span
                                        aria-hidden="true"
                                      >
                                        → 
                                      </span>
                                    </a>
                                  </div>
                                </div>
                                <div
                                  class="easi-divider margin-top-2"
                                />
                              </div>
                              <div
                                class="usa-card__footer padding-0"
                                data-testid="CardFooter"
                              >
                                <div
                                  class="grid-row"
                                  data-testid="grid"
                                >
                                  <div
                                    class="desktop:grid-col-6 padding-2"
                                    data-testid="grid"
                                  >
                                    <dt
                                      class="text-bold margin-bottom-05"
                                    >
                                      Federal FTE
                                    </dt>
                                    <dd
                                      class="description-definition margin-0 line-height-body-3"
                                    >
                                      4
                                    </dd>
                                  </div>
                                  <div
                                    class="desktop:grid-col-6 padding-2"
                                    data-testid="grid"
                                  >
                                    <dt
                                      class="text-bold margin-bottom-05"
                                    >
                                      Contractor FTE
                                    </dt>
                                    <dd
                                      class="description-definition margin-0 line-height-body-3"
                                    >
                                      20
                                    </dd>
                                  </div>
                                </div>
                              </div>
                            </div>
                          </li>
                        </ul>
                      </div>
                    </div>
                    <div
                      class="desktop:grid-col-4 sticky side-nav padding-top-7"
                      data-testid="grid"
                    >
                      <div
                        class="side-divider"
                      >
                        <div
                          class="top-divider"
                        />
                        <p
                          class="font-body-xs margin-top-1 margin-bottom-3"
                        >
                          Point of contact
                        </p>
                        <h3
                          class="system-profile__subheader margin-bottom-1"
                        >
                          Ally Anderson
                        </h3>
                        <div>
                          <h5
                            class="margin-top-0 margin-bottom-05 font-sans-2xs text-normal"
                          >
                            Project Lead
                          </h5>
                          <h5
                            class="margin-top-0 margin-bottom-05 font-sans-2xs text-normal"
                          >
                            System Issues Contact
                          </h5>
                          <h5
                            class="margin-top-0 margin-bottom-05 font-sans-2xs text-normal"
                          >
                            QA Reviewer
                          </h5>
                        </div>
                        <p>
                          <a
                            aria-label="Send an email"
                            class="usa-link line-height-body-5"
                            href="mailto:ally.anderson@local.fake"
                            target="_blank"
                          >
                            Send an email
                            <svg
                              class="usa-icon margin-left-05 margin-bottom-2px text-tbottom"
                              focusable="false"
                              height="1em"
                              role="img"
                              viewBox="0 0 24 24"
                              width="1em"
                              xmlns="http://www.w3.org/2000/svg"
                            >
                              <path
                                d="M0 0h24v24H0z"
                                fill="none"
                              />
                              <path
                                d="M20 4H4c-1.1 0-1.99.9-1.99 2L2 18c0 1.1.9 2 2 2h16c1.1 0 2-.9 2-2V6c0-1.1-.9-2-2-2zm0 14H4V8l8 5 8-5v10zm-8-7L4 6h16l-8 5z"
                              />
                            </svg>
                          </a>
                        </p>
                        <p>
                          <a
                            class="usa-link line-height-body-5"
                            href="/systems/000-100-0/team"
                          >
                            More points of contact
                            <span
                              aria-hidden="true"
                            >
                               
                            </span>
                            <span
                              aria-hidden="true"
                            >
                              → 
                            </span>
                          </a>
                        </p>
                      </div>
                    </div>
                  </div>
                </div>
              </div>
            </div>
          </div>
        </div>
      </div>
    </div>
  </main>
</DocumentFragment>
`;
