// Vitest Snapshot v1, https://vitest.dev/guide/snapshot.html

exports[`GRBReviewStatusCard > Standard meeting card > renders the card 1`] = `
<DocumentFragment>
  <div
    class="padding-3 radius-md bg-primary-lighter"
  >
    <h3
      class="margin-top-0 margin-bottom-2"
    >
      Standard meeting review
    </h3>
    <div
      class="display-flex flex-align-center"
    >
      <h4
        class="margin-0 margin-right-1 flex-align-self-center"
      >
        Review status
      </h4>
      <span
        class="easi-tag bg-white text-base-darker font-body-sm flex-align-self-center"
        data-testid="async-status"
      >
        Scheduled
      </span>
    </div>
    <div
      class="border-top-1px margin-top-2 padding-top-2 border-primary-light"
    >
      <h4
        class="margin-0 margin-right-1 margin-top-2px margin-bottom-05"
      >
        GRB meeting
      </h4>
      <div
        class="easi-body-large"
      >
        03/28/2050
      </div>
      <a
        class="usa-link usa-button usa-button--outline margin-top-1"
        href="/it-governance/123/dates"
      >
        Change meeting date
      </a>
    </div>
  </div>
</DocumentFragment>
`;
