// Jest Snapshot v1, https://goo.gl/fbAQLP

exports[`TRB Admin Home summary renders TRB request details 1`] = `
<DocumentFragment>
  <div
    class="trb-admin-home__summary"
  >
    <section
      class="bg-primary-darker padding-bottom-3 text-white"
    >
      <div
        class="grid-container"
        data-testid="gridContainer"
      >
        <nav
          aria-label="Breadcrumbs"
          class="usa-breadcrumb usa-breadcrumb--wrap bg-transparent text-white"
        >
          <ol
            class="usa-breadcrumb__list"
          >
            <li
              class="usa-breadcrumb__list-item"
            >
              <a
                class="usa-breadcrumb__link"
                href="/"
              >
                <span
                  class="text-white"
                >
                  Home
                </span>
              </a>
            </li>
            <li
              aria-current="page"
              class="usa-breadcrumb__list-item usa-current"
            >
              Request details
            </li>
          </ol>
        </nav>
        <h2
          class="margin-top-05 margin-bottom-0"
        >
          Mock TRB Request
        </h2>
        <div
          class="grid-row"
          data-testid="grid"
        >
          <div
            class="tablet:grid-col-8"
            data-testid="grid"
          >
            <div
              class="margin-top-2 margin-bottom-05"
              data-testid="trbSummary-requestType"
            >
              <h5
                class="text-normal margin-y-0"
              >
                Request type
              </h5>
              <h4
                class="margin-y-05"
              >
                Iâ€™m having a problem with my system
              </h4>
            </div>
          </div>
          <div
            class="tablet:grid-col-4"
            data-testid="grid"
          >
            <div
              class="margin-top-2 margin-bottom-05"
            >
              <h5
                class="text-normal margin-y-0"
              >
                Requester
              </h5>
              <h4
                class="margin-y-05"
                data-testid="trbSummary-requester_ABCD"
              >
                Adeline Aarons, CMS
              </h4>
            </div>
            <div
              class="margin-top-2 margin-bottom-05"
              data-testid="trbSummary-submissionDate"
            >
              <h5
                class="text-normal margin-y-0"
              >
                Submission Date
              </h5>
              <h4
                class="margin-y-05"
              >
                January 5, 2023
              </h4>
            </div>
          </div>
        </div>
      </div>
    </section>
    <section
      class="bg-base-lightest padding-y-05"
    >
      <div
        class="grid-container"
        data-testid="gridContainer"
      >
        <div
          class="grid-row"
          data-testid="grid"
        >
          <div
            class="tablet:grid-col-8 display-flex flex-align-center margin-y-05"
            data-testid="trbSummary-status"
          >
            <h4
              class="margin-y-0"
            >
              Status
            </h4>
            <span
              class="text-white text-bold padding-y-05 padding-x-105 margin-x-1 bg-info-dark"
            >
              Open
            </span>
            <p
              class="margin-y-0 text-base"
            >
              Draft request form
            </p>
          </div>
          <div
            class="tablet:grid-col-4 display-flex flex-align-center margin-y-05"
            data-testid="trbSummary-trbLead"
          >
            <h4
              class="margin-y-0"
            >
              TRB Lead
            </h4>
            <p
              class="margin-y-0 margin-x-1 display-flex flex-align-center"
            >
              <svg
                class="usa-icon text-error margin-right-05"
                focusable="false"
                height="1em"
                role="img"
                viewBox="0 0 24 24"
                width="1em"
                xmlns="http://www.w3.org/2000/svg"
              >
                <path
                  d="M0 0h24v24H0z"
                  fill="none"
                />
                <path
                  d="M12 2C6.48 2 2 6.48 2 12s4.48 10 10 10 10-4.48 10-10S17.52 2 12 2zm1 15h-2v-2h2v2zm0-4h-2V7h2v6z"
                />
              </svg>
              Not assigned
            </p>
            <button
              class="usa-button usa-button--unstyled width-auto"
              type="button"
            >
              Assign
            </button>
          </div>
        </div>
      </div>
    </section>
  </div>
</DocumentFragment>
`;
