// Vitest Snapshot v1, https://vitest.dev/guide/snapshot.html

exports[`The GRT Business Case review > matches the snapshot 1`] = `
<DocumentFragment>
  <div
    data-testid="business-case-review"
  >
    <div
      class="easi-pdf-export"
    >
      <h1
        class="easi-only-print"
      >
        System Intake
      </h1>
      <h1
        aria-live="polite"
        class="easi-h1 margin-top-0"
        tabindex="-1"
      >
        Business Case
      </h1>
      <h2
        class="font-heading-xl"
      >
        General request information
      </h2>
      <dl
        title="General request information"
      >
        <div
          class="easi-review-row"
        >
          <div>
            <dt
              class="text-bold margin-bottom-05"
            >
              Contact / request title
            </dt>
            <dd
              class="description-definition margin-0"
            >
              Easy Access to System Information
            </dd>
          </div>
          <div>
            <dt
              class="text-bold margin-bottom-05"
            >
              Contact / request acronym
            </dt>
            <dd
              class="description-definition margin-0"
            />
          </div>
        </div>
        <div
          class="easi-review-row"
        >
          <div>
            <dt
              class="text-bold margin-bottom-05"
            >
              CMS Business Owner
            </dt>
            <dd
              class="description-definition margin-0"
            >
              Jane Doe
            </dd>
          </div>
        </div>
        <div
          class="easi-review-row"
        >
          <div>
            <dt
              class="text-bold margin-bottom-05"
            >
              Requester
            </dt>
            <dd
              class="description-definition margin-0"
            >
              Jane Doe
            </dd>
          </div>
        </div>
        <div
          class="easi-review-row"
        >
          <div>
            <dt
              class="text-bold margin-bottom-05"
            >
              Requester phone number
            </dt>
            <dd
              class="description-definition margin-0"
            >
              1234567890
            </dd>
          </div>
        </div>
      </dl>
      <h2
        class="font-heading-xl margin-top-6"
      >
        Request description
      </h2>
      <dl
        title="Request description"
      >
        <div
          class="easi-review-row margin-bottom-3"
        >
          <div
            class="line-height-body-3"
          >
            <dt
              class="text-bold margin-bottom-05"
            >
              What is your business or user need?
            </dt>
            <dd
              class="description-definition margin-0 text-pre-wrap"
            >
              Mock business need
            </dd>
          </div>
        </div>
        <div
          class="easi-review-row margin-bottom-3"
        >
          <div
            class="line-height-body-3"
          >
            <dt
              class="text-bold margin-bottom-05"
            >
              What internal collaboration or vendor engagement will support the recommended work?
            </dt>
            <dd
              class="description-definition margin-0 text-pre-wrap"
            />
          </div>
        </div>
        <div
          class="easi-review-row margin-bottom-3"
        >
          <div
            class="line-height-body-3"
          >
            <dt
              class="text-bold margin-bottom-05"
            >
              What is the current process that you are using for this work, or how is this need currently being met?
            </dt>
            <dd
              class="description-definition margin-0 text-pre-wrap"
            >
              Mock current solution summary
            </dd>
          </div>
        </div>
        <div
          class="easi-review-row margin-bottom-3"
        >
          <div
            class="line-height-body-3"
          >
            <dt
              class="text-bold margin-bottom-05"
            >
              How will CMS benefit from this effort?
            </dt>
            <dd
              class="description-definition margin-0 text-pre-wrap"
            >
              Mock CMS benefit
            </dd>
          </div>
        </div>
        <div
          class="easi-review-row margin-bottom-3"
        >
          <div
            class="line-height-body-3"
          >
            <dt
              class="text-bold margin-bottom-05"
            >
              How does this effort align with organizational priorities?
            </dt>
            <dd
              class="description-definition margin-0 text-pre-wrap"
            >
              Mock priority alignment
            </dd>
          </div>
        </div>
        <div
          class="easi-review-row margin-bottom-3"
        >
          <div
            class="line-height-body-3"
          >
            <dt
              class="text-bold margin-bottom-05"
            >
              How will you determine whether or not this effort is successful?
            </dt>
            <dd
              class="description-definition margin-0 text-pre-wrap"
            >
              Mock success indicators
            </dd>
          </div>
        </div>
        <div
          class="easi-review-row margin-bottom-3"
        >
          <div
            class="line-height-body-3"
          >
            <dt
              class="text-bold margin-bottom-05"
            >
              How will you implement or respond to the recommendations provided by the GRT?
            </dt>
            <dd
              class="description-definition margin-0 text-pre-wrap"
            >
              N/A
            </dd>
          </div>
        </div>
      </dl>
      <h2
        class="font-heading-xl margin-top-6 margin-bottom-2"
      >
        Alternatives analysis
      </h2>
      <div
        class="easi-responsive-tabs bg-base-lightest"
      >
        <div
          class="easi-responsive-tabs__navigation"
        >
          <div
            class="easi-responsive-tabs__tabs-wrapper"
          >
            <ul
              class="easi-responsive-tabs__tab-list"
            >
              <li
                class="easi-responsive-tabs__tab easi-responsive-tabs__tab--selected"
              >
                <button
                  class="easi-responsive-tabs__tab-btn"
                  type="button"
                >
                  <span
                    class="easi-responsive-tabs__tab-divider"
                  >
                    <span
                      class="easi-responsive-tabs__tab-text"
                    >
                      Preferred solution
                    </span>
                  </span>
                </button>
              </li>
            </ul>
          </div>
          <div />
        </div>
        <div
          class="bg-white easi-business-case__review-solutions-wrapper"
          style="overflow: auto;"
        >
          <h3
            class="easi-only-print business-case-solution-header"
          >
            Preferred solution
          </h3>
          <dl
            class="margin-bottom-0"
            title="Preferred solution"
          >
            <div
              class="easi-review-row"
            >
              <div
                class="line-height-body-3"
              >
                <dt
                  class="text-bold margin-bottom-05"
                >
                  Solution Title
                </dt>
                <dd
                  class="description-definition margin-0"
                >
                  Mock Preferred solution
                </dd>
              </div>
            </div>
            <div
              class="easi-review-row"
            >
              <div
                class="line-height-body-3"
              >
                <dt
                  class="text-bold margin-bottom-05"
                >
                  Summary
                </dt>
                <dd
                  class="description-definition margin-0 text-pre-wrap"
                >
                  Mock Preferred solution summary
                </dd>
              </div>
            </div>
            <div
              class="easi-review-row"
            >
              <div
                class="line-height-body-3"
              >
                <dt
                  class="text-bold margin-bottom-05"
                >
                  Acquisition approach
                </dt>
                <dd
                  class="description-definition margin-0 text-pre-wrap"
                >
                  Mock acquisition approach
                </dd>
              </div>
            </div>
            <div
              class="easi-review-row"
            >
              <div
                class="line-height-body-3"
              >
                <dt
                  class="text-bold margin-bottom-05"
                >
                  Target release date of contract solicitation
                </dt>
                <dd
                  class="description-definition margin-0 text-pre-wrap"
                >
                  03/15/2025
                </dd>
              </div>
              <div
                class="line-height-body-3"
              >
                <dt
                  class="text-bold margin-bottom-05"
                >
                  Target completion date (In production)
                </dt>
                <dd
                  class="description-definition margin-0 text-pre-wrap"
                >
                  03/15/2025
                </dd>
              </div>
            </div>
            <div
              class="easi-review-row"
            >
              <div
                class="line-height-body-3"
              >
                <dt
                  class="text-bold margin-bottom-05"
                >
                  Is your solution approved by IT Security for use at CMS (FedRAMP, FISMA approved, within the CMS cloud enclave)?
                </dt>
                <dd
                  class="description-definition margin-0 text-pre-wrap"
                >
                  No
                </dd>
              </div>
            </div>
            <div
              class="easi-review-row"
            >
              <div
                class="line-height-body-3"
              >
                <dt
                  class="text-bold margin-bottom-05"
                >
                  Is it in the process of getting approved?
                </dt>
                <dd
                  class="description-definition margin-0 text-pre-wrap"
                >
                  Yes
                </dd>
              </div>
            </div>
            <div
              class="easi-review-row"
            >
              <div
                class="line-height-body-3"
              >
                <dt
                  class="text-bold margin-bottom-05"
                >
                  Identify your project's alignment with Zero Trust principles?
                </dt>
                <dd
                  class="description-definition margin-0 text-pre-wrap"
                >
                  Mock Zero Trust
                </dd>
              </div>
            </div>
            <div
              class="easi-review-row"
            >
              <div
                class="line-height-body-3"
              >
                <dt
                  class="text-bold margin-bottom-05"
                >
                  Do you need to host your solution?
                </dt>
                <dd
                  class="description-definition margin-0 text-pre-wrap"
                />
              </div>
            </div>
            <div
              class="easi-review-row"
            >
              <div
                class="line-height-body-3"
              >
                <dt
                  class="text-bold margin-bottom-05"
                >
                  Will your solution have a User Interface, be public facing, or involve outside customers?
                </dt>
                <dd
                  class="description-definition margin-0 text-pre-wrap"
                >
                  Yes
                </dd>
              </div>
            </div>
            <div
              class="easi-review-row"
            >
              <div
                class="line-height-body-3"
              >
                <dt
                  class="text-bold margin-bottom-05"
                >
                  Will any workforce training requirements arise as a result of this solution?
                </dt>
                <dd
                  class="description-definition margin-0 text-pre-wrap"
                >
                  Mock workforce training requirements
                </dd>
              </div>
            </div>
            <div
              class="easi-review-row"
            >
              <div
                class="line-height-body-3"
              >
                <dt
                  class="text-bold margin-bottom-05"
                >
                  Pros
                </dt>
                <dd
                  class="description-definition margin-0 text-pre-wrap"
                >
                  Mock Preferred solution pros
                </dd>
              </div>
            </div>
            <div
              class="easi-review-row"
            >
              <div
                class="line-height-body-3"
              >
                <dt
                  class="text-bold margin-bottom-05"
                >
                  Cons
                </dt>
                <dd
                  class="description-definition margin-0 text-pre-wrap"
                >
                  Mock Preferred solution cons
                </dd>
              </div>
            </div>
            <div
              class="easi-review-row"
            >
              <div
                class="margin-y-1"
              >
                <div
                  class="est-lifecycle-cost__total bg-base-lightest overflow-auto padding-x-2"
                >
                  <dl
                    title="System total cost"
                  >
                    <dt
                      class="text-bold margin-bottom-05"
                    >
                      System total cost
                    </dt>
                    <dd
                      class="description-definition margin-0"
                    >
                      $1,000
                    </dd>
                  </dl>
                </div>
              </div>
            </div>
            <div
              class="easi-review-row margin-bottom-0"
            >
              <div
                class="line-height-body-3"
              >
                <dt
                  class="text-bold margin-bottom-05"
                >
                  What is the cost savings or avoidance associated with this solution?
                </dt>
                <dd
                  class="description-definition margin-0 text-pre-wrap"
                >
                  Mock cost savings
                </dd>
              </div>
            </div>
          </dl>
        </div>
      </div>
    </div>
    <div
      class="easi-pdf-export__controls margin-top-6"
    >
      <button
        class="usa-button usa-button--unstyled display-flex flex-align-center easi-no-print"
        data-testid="button"
        type="button"
      >
        <svg
          class="usa-icon margin-right-1"
          focusable="false"
          height="1em"
          role="img"
          viewBox="0 0 24 24"
          width="1em"
          xmlns="http://www.w3.org/2000/svg"
        >
          <path
            d="M19 9h-4V3H9v6H5l7 7 7-7zM5 18v2h14v-2H5z"
          />
        </svg>
        Download Business Case as PDF
      </button>
    </div>
  </div>
</DocumentFragment>
`;
